running develop
running egg_info
creating vision_pkg.egg-info
writing vision_pkg.egg-info/PKG-INFO
writing dependency_links to vision_pkg.egg-info/dependency_links.txt
writing entry points to vision_pkg.egg-info/entry_points.txt
writing requirements to vision_pkg.egg-info/requires.txt
writing top-level names to vision_pkg.egg-info/top_level.txt
writing manifest file 'vision_pkg.egg-info/SOURCES.txt'
reading manifest file 'vision_pkg.egg-info/SOURCES.txt'
writing manifest file 'vision_pkg.egg-info/SOURCES.txt'
running build_ext
Creating /root/soccer_ws/install/vision_pkg/lib/python3.10/site-packages/vision-pkg.egg-link (link to .)
Installing camera_bridge_node script to /root/soccer_ws/install/vision_pkg/lib/vision_pkg
Installing strategist script to /root/soccer_ws/install/vision_pkg/lib/vision_pkg

Installed /root/soccer_ws/build/vision_pkg
running symlink_data
creating /root/soccer_ws/install/vision_pkg/share/ament_index
creating /root/soccer_ws/install/vision_pkg/share/ament_index/resource_index
creating /root/soccer_ws/install/vision_pkg/share/ament_index/resource_index/packages
symbolically linking /root/soccer_ws/build/vision_pkg/resource/vision_pkg -> /root/soccer_ws/install/vision_pkg/share/ament_index/resource_index/packages
symbolically linking /root/soccer_ws/build/vision_pkg/package.xml -> /root/soccer_ws/install/vision_pkg/share/vision_pkg
