[1.501s] Invoking command in '/root/soccer_ws/build/vision_pkg': PYTHONPATH=/root/soccer_ws/build/vision_pkg/prefix_override:/usr/lib/python3/dist-packages/colcon_core/task/python/colcon_distutils_commands:/root/soccer_ws/install/vision_pkg/lib/python3.10/site-packages:${PYTHONPATH} /usr/bin/python3 -W ignore:setup.py install is deprecated -W ignore:easy_install command is deprecated setup.py develop --editable --build-directory /root/soccer_ws/build/vision_pkg/build --no-deps symlink_data
[1.810s] running develop
[1.928s] running egg_info
[1.929s] creating vision_pkg.egg-info
[1.929s] writing vision_pkg.egg-info/PKG-INFO
[1.929s] writing dependency_links to vision_pkg.egg-info/dependency_links.txt
[1.929s] writing entry points to vision_pkg.egg-info/entry_points.txt
[1.929s] writing requirements to vision_pkg.egg-info/requires.txt
[1.930s] writing top-level names to vision_pkg.egg-info/top_level.txt
[1.930s] writing manifest file 'vision_pkg.egg-info/SOURCES.txt'
[1.932s] reading manifest file 'vision_pkg.egg-info/SOURCES.txt'
[1.934s] writing manifest file 'vision_pkg.egg-info/SOURCES.txt'
[1.938s] running build_ext
[1.939s] Creating /root/soccer_ws/install/vision_pkg/lib/python3.10/site-packages/vision-pkg.egg-link (link to .)
[1.939s] Installing camera_bridge_node script to /root/soccer_ws/install/vision_pkg/lib/vision_pkg
[1.939s] Installing strategist script to /root/soccer_ws/install/vision_pkg/lib/vision_pkg
[1.939s] 
[1.940s] Installed /root/soccer_ws/build/vision_pkg
[1.940s] running symlink_data
[1.940s] creating /root/soccer_ws/install/vision_pkg/share/ament_index
[1.940s] creating /root/soccer_ws/install/vision_pkg/share/ament_index/resource_index
[1.940s] creating /root/soccer_ws/install/vision_pkg/share/ament_index/resource_index/packages
[1.940s] symbolically linking /root/soccer_ws/build/vision_pkg/resource/vision_pkg -> /root/soccer_ws/install/vision_pkg/share/ament_index/resource_index/packages
[1.940s] symbolically linking /root/soccer_ws/build/vision_pkg/package.xml -> /root/soccer_ws/install/vision_pkg/share/vision_pkg
[2.047s] Invoked command in '/root/soccer_ws/build/vision_pkg' returned '0': PYTHONPATH=/root/soccer_ws/build/vision_pkg/prefix_override:/usr/lib/python3/dist-packages/colcon_core/task/python/colcon_distutils_commands:/root/soccer_ws/install/vision_pkg/lib/python3.10/site-packages:${PYTHONPATH} /usr/bin/python3 -W ignore:setup.py install is deprecated -W ignore:easy_install command is deprecated setup.py develop --editable --build-directory /root/soccer_ws/build/vision_pkg/build --no-deps symlink_data
