[0.133s] DEBUG:colcon:Command line arguments: ['/usr/bin/colcon', 'build', '--symlink-install']
[0.133s] DEBUG:colcon:Parsed command line arguments: Namespace(log_base=None, log_level=None, verb_name='build', build_base='build', install_base='install', merge_install=False, symlink_install=True, test_result_base=None, continue_on_error=False, executor='parallel', parallel_workers=4, event_handlers=None, ignore_user_meta=False, metas=['./colcon.meta'], base_paths=['.'], packages_ignore=None, packages_ignore_regex=None, paths=None, packages_up_to=None, packages_up_to_regex=None, packages_above=None, packages_above_and_dependencies=None, packages_above_depth=None, packages_select_by_dep=None, packages_skip_by_dep=None, packages_skip_up_to=None, packages_select_build_failed=False, packages_skip_build_finished=False, packages_select_test_failures=False, packages_skip_test_passed=False, packages_select=None, packages_skip=None, packages_select_regex=None, packages_skip_regex=None, packages_start=None, packages_end=None, cmake_args=None, cmake_target=None, cmake_target_skip_unavailable=False, cmake_clean_cache=False, cmake_clean_first=False, cmake_force_configure=False, ament_cmake_args=None, catkin_cmake_args=None, catkin_skip_building_tests=False, mixin_files=None, mixin=None, verb_parser=<colcon_mixin.mixin.mixin_argument.MixinArgumentDecorator object at 0x7fff6fe76e00>, verb_extension=<colcon_core.verb.build.BuildVerb object at 0x7fff6fe76890>, main=<bound method BuildVerb.main of <colcon_core.verb.build.BuildVerb object at 0x7fff6fe76890>>, mixin_verb=('build',))
[0.260s] Level 1:colcon.colcon_core.package_discovery:discover_packages(colcon_meta) check parameters
[0.261s] INFO:colcon.colcon_metadata.package_discovery.colcon_meta:Using configuration from '/root/.colcon/metadata/default/Gazebo.meta'
[0.262s] INFO:colcon.colcon_metadata.package_discovery.colcon_meta:Using configuration from '/root/.colcon/metadata/default/fastdds.meta'
[0.262s] INFO:colcon.colcon_metadata.package_discovery.colcon_meta:Using configuration from '/root/.colcon/metadata/default/fastrtps.meta'
[0.262s] Level 1:colcon.colcon_core.package_discovery:discover_packages(recursive) check parameters
[0.262s] Level 1:colcon.colcon_core.package_discovery:discover_packages(ignore) check parameters
[0.262s] Level 1:colcon.colcon_core.package_discovery:discover_packages(path) check parameters
[0.263s] Level 1:colcon.colcon_core.package_discovery:discover_packages(colcon_meta) discover
[0.263s] Level 1:colcon.colcon_core.package_discovery:discover_packages(recursive) discover
[0.263s] INFO:colcon.colcon_core.package_discovery:Crawling recursively for packages in '/root/soccer_ws'
[0.263s] Level 1:colcon.colcon_core.package_identification:_identify(.) by extensions ['ignore', 'ignore_ament_install']
[0.263s] Level 1:colcon.colcon_core.package_identification:_identify(.) by extension 'ignore'
[0.263s] Level 1:colcon.colcon_core.package_identification:_identify(.) by extension 'ignore_ament_install'
[0.263s] Level 1:colcon.colcon_core.package_identification:_identify(.) by extensions ['colcon_pkg']
[0.263s] Level 1:colcon.colcon_core.package_identification:_identify(.) by extension 'colcon_pkg'
[0.263s] Level 1:colcon.colcon_core.package_identification:_identify(.) by extensions ['colcon_meta']
[0.263s] Level 1:colcon.colcon_core.package_identification:_identify(.) by extension 'colcon_meta'
[0.263s] Level 1:colcon.colcon_core.package_identification:_identify(.) by extensions ['ros']
[0.263s] Level 1:colcon.colcon_core.package_identification:_identify(.) by extension 'ros'
[0.276s] Level 1:colcon.colcon_core.package_identification:_identify(.) by extensions ['cmake', 'python']
[0.276s] Level 1:colcon.colcon_core.package_identification:_identify(.) by extension 'cmake'
[0.276s] Level 1:colcon.colcon_core.package_identification:_identify(.) by extension 'python'
[0.276s] Level 1:colcon.colcon_core.package_identification:_identify(.) by extensions ['python_setup_py']
[0.276s] Level 1:colcon.colcon_core.package_identification:_identify(.) by extension 'python_setup_py'
[0.276s] Level 1:colcon.colcon_core.package_identification:_identify(build) by extensions ['ignore', 'ignore_ament_install']
[0.276s] Level 1:colcon.colcon_core.package_identification:_identify(build) by extension 'ignore'
[0.277s] Level 1:colcon.colcon_core.package_identification:_identify(build) ignored
[0.277s] Level 1:colcon.colcon_core.package_identification:_identify(install) by extensions ['ignore', 'ignore_ament_install']
[0.277s] Level 1:colcon.colcon_core.package_identification:_identify(install) by extension 'ignore'
[0.277s] Level 1:colcon.colcon_core.package_identification:_identify(install) ignored
[0.277s] Level 1:colcon.colcon_core.package_identification:_identify(log) by extensions ['ignore', 'ignore_ament_install']
[0.277s] Level 1:colcon.colcon_core.package_identification:_identify(log) by extension 'ignore'
[0.277s] Level 1:colcon.colcon_core.package_identification:_identify(log) ignored
[0.277s] Level 1:colcon.colcon_core.package_identification:_identify(src) by extensions ['ignore', 'ignore_ament_install']
[0.277s] Level 1:colcon.colcon_core.package_identification:_identify(src) by extension 'ignore'
[0.277s] Level 1:colcon.colcon_core.package_identification:_identify(src) by extension 'ignore_ament_install'
[0.277s] Level 1:colcon.colcon_core.package_identification:_identify(src) by extensions ['colcon_pkg']
[0.277s] Level 1:colcon.colcon_core.package_identification:_identify(src) by extension 'colcon_pkg'
[0.277s] Level 1:colcon.colcon_core.package_identification:_identify(src) by extensions ['colcon_meta']
[0.277s] Level 1:colcon.colcon_core.package_identification:_identify(src) by extension 'colcon_meta'
[0.277s] Level 1:colcon.colcon_core.package_identification:_identify(src) by extensions ['ros']
[0.277s] Level 1:colcon.colcon_core.package_identification:_identify(src) by extension 'ros'
[0.278s] Level 1:colcon.colcon_core.package_identification:_identify(src) by extensions ['cmake', 'python']
[0.278s] Level 1:colcon.colcon_core.package_identification:_identify(src) by extension 'cmake'
[0.278s] Level 1:colcon.colcon_core.package_identification:_identify(src) by extension 'python'
[0.278s] Level 1:colcon.colcon_core.package_identification:_identify(src) by extensions ['python_setup_py']
[0.278s] Level 1:colcon.colcon_core.package_identification:_identify(src) by extension 'python_setup_py'
[0.278s] Level 1:colcon.colcon_core.package_identification:_identify(src/strategy_pkg) by extensions ['ignore', 'ignore_ament_install']
[0.278s] Level 1:colcon.colcon_core.package_identification:_identify(src/strategy_pkg) by extension 'ignore'
[0.278s] Level 1:colcon.colcon_core.package_identification:_identify(src/strategy_pkg) by extension 'ignore_ament_install'
[0.278s] Level 1:colcon.colcon_core.package_identification:_identify(src/strategy_pkg) by extensions ['colcon_pkg']
[0.278s] Level 1:colcon.colcon_core.package_identification:_identify(src/strategy_pkg) by extension 'colcon_pkg'
[0.278s] Level 1:colcon.colcon_core.package_identification:_identify(src/strategy_pkg) by extensions ['colcon_meta']
[0.278s] Level 1:colcon.colcon_core.package_identification:_identify(src/strategy_pkg) by extension 'colcon_meta'
[0.278s] Level 1:colcon.colcon_core.package_identification:_identify(src/strategy_pkg) by extensions ['ros']
[0.278s] Level 1:colcon.colcon_core.package_identification:_identify(src/strategy_pkg) by extension 'ros'
[0.281s] DEBUG:colcon.colcon_core.package_identification:Package 'src/strategy_pkg' with type 'ros.ament_python' and name 'strategy_pkg'
[0.281s] Level 1:colcon.colcon_core.package_identification:_identify(src/teensy1_pkg) by extensions ['ignore', 'ignore_ament_install']
[0.281s] Level 1:colcon.colcon_core.package_identification:_identify(src/teensy1_pkg) by extension 'ignore'
[0.281s] Level 1:colcon.colcon_core.package_identification:_identify(src/teensy1_pkg) by extension 'ignore_ament_install'
[0.281s] Level 1:colcon.colcon_core.package_identification:_identify(src/teensy1_pkg) by extensions ['colcon_pkg']
[0.281s] Level 1:colcon.colcon_core.package_identification:_identify(src/teensy1_pkg) by extension 'colcon_pkg'
[0.281s] Level 1:colcon.colcon_core.package_identification:_identify(src/teensy1_pkg) by extensions ['colcon_meta']
[0.281s] Level 1:colcon.colcon_core.package_identification:_identify(src/teensy1_pkg) by extension 'colcon_meta'
[0.281s] Level 1:colcon.colcon_core.package_identification:_identify(src/teensy1_pkg) by extensions ['ros']
[0.281s] Level 1:colcon.colcon_core.package_identification:_identify(src/teensy1_pkg) by extension 'ros'
[0.282s] DEBUG:colcon.colcon_core.package_identification:Package 'src/teensy1_pkg' with type 'ros.ament_python' and name 'teensy1_pkg'
[0.282s] Level 1:colcon.colcon_core.package_identification:_identify(src/teensy2_pkg) by extensions ['ignore', 'ignore_ament_install']
[0.282s] Level 1:colcon.colcon_core.package_identification:_identify(src/teensy2_pkg) by extension 'ignore'
[0.282s] Level 1:colcon.colcon_core.package_identification:_identify(src/teensy2_pkg) by extension 'ignore_ament_install'
[0.282s] Level 1:colcon.colcon_core.package_identification:_identify(src/teensy2_pkg) by extensions ['colcon_pkg']
[0.283s] Level 1:colcon.colcon_core.package_identification:_identify(src/teensy2_pkg) by extension 'colcon_pkg'
[0.283s] Level 1:colcon.colcon_core.package_identification:_identify(src/teensy2_pkg) by extensions ['colcon_meta']
[0.283s] Level 1:colcon.colcon_core.package_identification:_identify(src/teensy2_pkg) by extension 'colcon_meta'
[0.283s] Level 1:colcon.colcon_core.package_identification:_identify(src/teensy2_pkg) by extensions ['ros']
[0.283s] Level 1:colcon.colcon_core.package_identification:_identify(src/teensy2_pkg) by extension 'ros'
[0.283s] DEBUG:colcon.colcon_core.package_identification:Package 'src/teensy2_pkg' with type 'ros.ament_python' and name 'teensy2_pkg'
[0.283s] Level 1:colcon.colcon_core.package_identification:_identify(src/vision_pkg) by extensions ['ignore', 'ignore_ament_install']
[0.283s] Level 1:colcon.colcon_core.package_identification:_identify(src/vision_pkg) by extension 'ignore'
[0.283s] Level 1:colcon.colcon_core.package_identification:_identify(src/vision_pkg) by extension 'ignore_ament_install'
[0.283s] Level 1:colcon.colcon_core.package_identification:_identify(src/vision_pkg) by extensions ['colcon_pkg']
[0.284s] Level 1:colcon.colcon_core.package_identification:_identify(src/vision_pkg) by extension 'colcon_pkg'
[0.284s] Level 1:colcon.colcon_core.package_identification:_identify(src/vision_pkg) by extensions ['colcon_meta']
[0.284s] Level 1:colcon.colcon_core.package_identification:_identify(src/vision_pkg) by extension 'colcon_meta'
[0.284s] Level 1:colcon.colcon_core.package_identification:_identify(src/vision_pkg) by extensions ['ros']
[0.284s] Level 1:colcon.colcon_core.package_identification:_identify(src/vision_pkg) by extension 'ros'
[0.284s] DEBUG:colcon.colcon_core.package_identification:Package 'src/vision_pkg' with type 'ros.ament_python' and name 'vision_pkg'
[0.284s] Level 1:colcon.colcon_core.package_discovery:discover_packages(recursive) using defaults
[0.284s] Level 1:colcon.colcon_core.package_discovery:discover_packages(ignore) discover
[0.284s] Level 1:colcon.colcon_core.package_discovery:discover_packages(ignore) using defaults
[0.284s] Level 1:colcon.colcon_core.package_discovery:discover_packages(path) discover
[0.284s] Level 1:colcon.colcon_core.package_discovery:discover_packages(path) using defaults
[0.308s] Level 5:colcon.colcon_core.verb:set package 'strategy_pkg' build argument 'cmake_args' from command line to 'None'
[0.309s] Level 5:colcon.colcon_core.verb:set package 'strategy_pkg' build argument 'cmake_target' from command line to 'None'
[0.309s] Level 5:colcon.colcon_core.verb:set package 'strategy_pkg' build argument 'cmake_target_skip_unavailable' from command line to 'False'
[0.309s] Level 5:colcon.colcon_core.verb:set package 'strategy_pkg' build argument 'cmake_clean_cache' from command line to 'False'
[0.309s] Level 5:colcon.colcon_core.verb:set package 'strategy_pkg' build argument 'cmake_clean_first' from command line to 'False'
[0.309s] Level 5:colcon.colcon_core.verb:set package 'strategy_pkg' build argument 'cmake_force_configure' from command line to 'False'
[0.309s] Level 5:colcon.colcon_core.verb:set package 'strategy_pkg' build argument 'ament_cmake_args' from command line to 'None'
[0.309s] Level 5:colcon.colcon_core.verb:set package 'strategy_pkg' build argument 'catkin_cmake_args' from command line to 'None'
[0.309s] Level 5:colcon.colcon_core.verb:set package 'strategy_pkg' build argument 'catkin_skip_building_tests' from command line to 'False'
[0.309s] DEBUG:colcon.colcon_core.verb:Building package 'strategy_pkg' with the following arguments: {'ament_cmake_args': None, 'build_base': '/root/soccer_ws/build/strategy_pkg', 'catkin_cmake_args': None, 'catkin_skip_building_tests': False, 'cmake_args': None, 'cmake_clean_cache': False, 'cmake_clean_first': False, 'cmake_force_configure': False, 'cmake_target': None, 'cmake_target_skip_unavailable': False, 'install_base': '/root/soccer_ws/install/strategy_pkg', 'merge_install': False, 'path': '/root/soccer_ws/src/strategy_pkg', 'symlink_install': True, 'test_result_base': None}
[0.309s] Level 5:colcon.colcon_core.verb:set package 'teensy1_pkg' build argument 'cmake_args' from command line to 'None'
[0.309s] Level 5:colcon.colcon_core.verb:set package 'teensy1_pkg' build argument 'cmake_target' from command line to 'None'
[0.309s] Level 5:colcon.colcon_core.verb:set package 'teensy1_pkg' build argument 'cmake_target_skip_unavailable' from command line to 'False'
[0.309s] Level 5:colcon.colcon_core.verb:set package 'teensy1_pkg' build argument 'cmake_clean_cache' from command line to 'False'
[0.309s] Level 5:colcon.colcon_core.verb:set package 'teensy1_pkg' build argument 'cmake_clean_first' from command line to 'False'
[0.309s] Level 5:colcon.colcon_core.verb:set package 'teensy1_pkg' build argument 'cmake_force_configure' from command line to 'False'
[0.309s] Level 5:colcon.colcon_core.verb:set package 'teensy1_pkg' build argument 'ament_cmake_args' from command line to 'None'
[0.309s] Level 5:colcon.colcon_core.verb:set package 'teensy1_pkg' build argument 'catkin_cmake_args' from command line to 'None'
[0.309s] Level 5:colcon.colcon_core.verb:set package 'teensy1_pkg' build argument 'catkin_skip_building_tests' from command line to 'False'
[0.309s] DEBUG:colcon.colcon_core.verb:Building package 'teensy1_pkg' with the following arguments: {'ament_cmake_args': None, 'build_base': '/root/soccer_ws/build/teensy1_pkg', 'catkin_cmake_args': None, 'catkin_skip_building_tests': False, 'cmake_args': None, 'cmake_clean_cache': False, 'cmake_clean_first': False, 'cmake_force_configure': False, 'cmake_target': None, 'cmake_target_skip_unavailable': False, 'install_base': '/root/soccer_ws/install/teensy1_pkg', 'merge_install': False, 'path': '/root/soccer_ws/src/teensy1_pkg', 'symlink_install': True, 'test_result_base': None}
[0.310s] Level 5:colcon.colcon_core.verb:set package 'teensy2_pkg' build argument 'cmake_args' from command line to 'None'
[0.310s] Level 5:colcon.colcon_core.verb:set package 'teensy2_pkg' build argument 'cmake_target' from command line to 'None'
[0.310s] Level 5:colcon.colcon_core.verb:set package 'teensy2_pkg' build argument 'cmake_target_skip_unavailable' from command line to 'False'
[0.310s] Level 5:colcon.colcon_core.verb:set package 'teensy2_pkg' build argument 'cmake_clean_cache' from command line to 'False'
[0.310s] Level 5:colcon.colcon_core.verb:set package 'teensy2_pkg' build argument 'cmake_clean_first' from command line to 'False'
[0.310s] Level 5:colcon.colcon_core.verb:set package 'teensy2_pkg' build argument 'cmake_force_configure' from command line to 'False'
[0.310s] Level 5:colcon.colcon_core.verb:set package 'teensy2_pkg' build argument 'ament_cmake_args' from command line to 'None'
[0.310s] Level 5:colcon.colcon_core.verb:set package 'teensy2_pkg' build argument 'catkin_cmake_args' from command line to 'None'
[0.310s] Level 5:colcon.colcon_core.verb:set package 'teensy2_pkg' build argument 'catkin_skip_building_tests' from command line to 'False'
[0.310s] DEBUG:colcon.colcon_core.verb:Building package 'teensy2_pkg' with the following arguments: {'ament_cmake_args': None, 'build_base': '/root/soccer_ws/build/teensy2_pkg', 'catkin_cmake_args': None, 'catkin_skip_building_tests': False, 'cmake_args': None, 'cmake_clean_cache': False, 'cmake_clean_first': False, 'cmake_force_configure': False, 'cmake_target': None, 'cmake_target_skip_unavailable': False, 'install_base': '/root/soccer_ws/install/teensy2_pkg', 'merge_install': False, 'path': '/root/soccer_ws/src/teensy2_pkg', 'symlink_install': True, 'test_result_base': None}
[0.310s] Level 5:colcon.colcon_core.verb:set package 'vision_pkg' build argument 'cmake_args' from command line to 'None'
[0.310s] Level 5:colcon.colcon_core.verb:set package 'vision_pkg' build argument 'cmake_target' from command line to 'None'
[0.310s] Level 5:colcon.colcon_core.verb:set package 'vision_pkg' build argument 'cmake_target_skip_unavailable' from command line to 'False'
[0.310s] Level 5:colcon.colcon_core.verb:set package 'vision_pkg' build argument 'cmake_clean_cache' from command line to 'False'
[0.310s] Level 5:colcon.colcon_core.verb:set package 'vision_pkg' build argument 'cmake_clean_first' from command line to 'False'
[0.310s] Level 5:colcon.colcon_core.verb:set package 'vision_pkg' build argument 'cmake_force_configure' from command line to 'False'
[0.310s] Level 5:colcon.colcon_core.verb:set package 'vision_pkg' build argument 'ament_cmake_args' from command line to 'None'
[0.311s] Level 5:colcon.colcon_core.verb:set package 'vision_pkg' build argument 'catkin_cmake_args' from command line to 'None'
[0.311s] Level 5:colcon.colcon_core.verb:set package 'vision_pkg' build argument 'catkin_skip_building_tests' from command line to 'False'
[0.311s] DEBUG:colcon.colcon_core.verb:Building package 'vision_pkg' with the following arguments: {'ament_cmake_args': None, 'build_base': '/root/soccer_ws/build/vision_pkg', 'catkin_cmake_args': None, 'catkin_skip_building_tests': False, 'cmake_args': None, 'cmake_clean_cache': False, 'cmake_clean_first': False, 'cmake_force_configure': False, 'cmake_target': None, 'cmake_target_skip_unavailable': False, 'install_base': '/root/soccer_ws/install/vision_pkg', 'merge_install': False, 'path': '/root/soccer_ws/src/vision_pkg', 'symlink_install': True, 'test_result_base': None}
[0.311s] INFO:colcon.colcon_core.executor:Executing jobs using 'parallel' executor
[0.312s] DEBUG:colcon.colcon_parallel_executor.executor.parallel:run_until_complete
[0.312s] INFO:colcon.colcon_ros.task.ament_python.build:Building ROS package in '/root/soccer_ws/src/strategy_pkg' with build type 'ament_python'
[0.313s] Level 1:colcon.colcon_core.shell:create_environment_hook('strategy_pkg', 'ament_prefix_path')
[0.315s] INFO:colcon.colcon_core.plugin_system:Skipping extension 'colcon_core.shell.bat': Not used on non-Windows systems
[0.315s] INFO:colcon.colcon_core.shell:Creating environment hook '/root/soccer_ws/install/strategy_pkg/share/strategy_pkg/hook/ament_prefix_path.ps1'
[0.316s] INFO:colcon.colcon_core.shell:Creating environment descriptor '/root/soccer_ws/install/strategy_pkg/share/strategy_pkg/hook/ament_prefix_path.dsv'
[0.316s] INFO:colcon.colcon_core.shell:Creating environment hook '/root/soccer_ws/install/strategy_pkg/share/strategy_pkg/hook/ament_prefix_path.sh'
[0.317s] INFO:colcon.colcon_core.shell:Skip shell extension 'powershell' for command environment: Not usable outside of PowerShell
[0.317s] DEBUG:colcon.colcon_core.shell:Skip shell extension 'dsv' for command environment
[0.318s] WARNING:colcon.colcon_ros.prefix_path.ament:The path '/root/soccer_ws/install/vision_pkg' in the environment variable AMENT_PREFIX_PATH doesn't exist
[0.318s] WARNING:colcon.colcon_ros.prefix_path.ament:The path '/root/soccer_ws/install/teensy2_pkg' in the environment variable AMENT_PREFIX_PATH doesn't exist
[0.318s] WARNING:colcon.colcon_ros.prefix_path.ament:The path '/root/soccer_ws/install/teensy1_pkg' in the environment variable AMENT_PREFIX_PATH doesn't exist
[0.322s] INFO:colcon.colcon_ros.task.ament_python.build:Building ROS package in '/root/soccer_ws/src/teensy1_pkg' with build type 'ament_python'
[0.322s] Level 1:colcon.colcon_core.shell:create_environment_hook('teensy1_pkg', 'ament_prefix_path')
[0.323s] INFO:colcon.colcon_core.shell:Creating environment hook '/root/soccer_ws/install/teensy1_pkg/share/teensy1_pkg/hook/ament_prefix_path.ps1'
[0.323s] INFO:colcon.colcon_core.shell:Creating environment descriptor '/root/soccer_ws/install/teensy1_pkg/share/teensy1_pkg/hook/ament_prefix_path.dsv'
[0.324s] INFO:colcon.colcon_core.shell:Creating environment hook '/root/soccer_ws/install/teensy1_pkg/share/teensy1_pkg/hook/ament_prefix_path.sh'
[0.325s] INFO:colcon.colcon_core.shell:Skip shell extension 'powershell' for command environment: Not usable outside of PowerShell
[0.325s] DEBUG:colcon.colcon_core.shell:Skip shell extension 'dsv' for command environment
[0.328s] INFO:colcon.colcon_ros.task.ament_python.build:Building ROS package in '/root/soccer_ws/src/teensy2_pkg' with build type 'ament_python'
[0.328s] Level 1:colcon.colcon_core.shell:create_environment_hook('teensy2_pkg', 'ament_prefix_path')
[0.328s] INFO:colcon.colcon_core.shell:Creating environment hook '/root/soccer_ws/install/teensy2_pkg/share/teensy2_pkg/hook/ament_prefix_path.ps1'
[0.329s] INFO:colcon.colcon_core.shell:Creating environment descriptor '/root/soccer_ws/install/teensy2_pkg/share/teensy2_pkg/hook/ament_prefix_path.dsv'
[0.330s] INFO:colcon.colcon_core.shell:Creating environment hook '/root/soccer_ws/install/teensy2_pkg/share/teensy2_pkg/hook/ament_prefix_path.sh'
[0.331s] INFO:colcon.colcon_core.shell:Skip shell extension 'powershell' for command environment: Not usable outside of PowerShell
[0.331s] DEBUG:colcon.colcon_core.shell:Skip shell extension 'dsv' for command environment
[0.334s] INFO:colcon.colcon_ros.task.ament_python.build:Building ROS package in '/root/soccer_ws/src/vision_pkg' with build type 'ament_python'
[0.334s] Level 1:colcon.colcon_core.shell:create_environment_hook('vision_pkg', 'ament_prefix_path')
[0.334s] INFO:colcon.colcon_core.shell:Creating environment hook '/root/soccer_ws/install/vision_pkg/share/vision_pkg/hook/ament_prefix_path.ps1'
[0.336s] INFO:colcon.colcon_core.shell:Creating environment descriptor '/root/soccer_ws/install/vision_pkg/share/vision_pkg/hook/ament_prefix_path.dsv'
[0.336s] INFO:colcon.colcon_core.shell:Creating environment hook '/root/soccer_ws/install/vision_pkg/share/vision_pkg/hook/ament_prefix_path.sh'
[0.337s] INFO:colcon.colcon_core.shell:Skip shell extension 'powershell' for command environment: Not usable outside of PowerShell
[0.337s] DEBUG:colcon.colcon_core.shell:Skip shell extension 'dsv' for command environment
[0.584s] INFO:colcon.colcon_core.task.python.build:Building Python package in '/root/soccer_ws/src/strategy_pkg'
[0.584s] INFO:colcon.colcon_core.shell:Skip shell extension 'powershell' for command environment: Not usable outside of PowerShell
[0.584s] DEBUG:colcon.colcon_core.shell:Skip shell extension 'dsv' for command environment
[0.832s] INFO:colcon.colcon_core.task.python.build:Building Python package in '/root/soccer_ws/src/teensy1_pkg'
[0.832s] INFO:colcon.colcon_core.shell:Skip shell extension 'powershell' for command environment: Not usable outside of PowerShell
[0.832s] DEBUG:colcon.colcon_core.shell:Skip shell extension 'dsv' for command environment
[1.076s] INFO:colcon.colcon_core.task.python.build:Building Python package in '/root/soccer_ws/src/teensy2_pkg'
[1.076s] INFO:colcon.colcon_core.shell:Skip shell extension 'powershell' for command environment: Not usable outside of PowerShell
[1.076s] DEBUG:colcon.colcon_core.shell:Skip shell extension 'dsv' for command environment
[1.312s] INFO:colcon.colcon_core.task.python.build:Building Python package in '/root/soccer_ws/src/vision_pkg'
[1.312s] INFO:colcon.colcon_core.shell:Skip shell extension 'powershell' for command environment: Not usable outside of PowerShell
[1.312s] DEBUG:colcon.colcon_core.shell:Skip shell extension 'dsv' for command environment
[1.807s] DEBUG:colcon.colcon_core.event_handler.log_command:Invoking command in '/root/soccer_ws/build/teensy1_pkg': PYTHONPATH=/root/soccer_ws/build/teensy1_pkg/prefix_override:/usr/lib/python3/dist-packages/colcon_core/task/python/colcon_distutils_commands:/root/soccer_ws/install/teensy1_pkg/lib/python3.10/site-packages:${PYTHONPATH} /usr/bin/python3 -W ignore:setup.py install is deprecated -W ignore:easy_install command is deprecated setup.py develop --editable --build-directory /root/soccer_ws/build/teensy1_pkg/build --no-deps symlink_data
[1.834s] DEBUG:colcon.colcon_core.event_handler.log_command:Invoking command in '/root/soccer_ws/build/strategy_pkg': PYTHONPATH=/root/soccer_ws/build/strategy_pkg/prefix_override:/usr/lib/python3/dist-packages/colcon_core/task/python/colcon_distutils_commands:/root/soccer_ws/install/strategy_pkg/lib/python3.10/site-packages:${PYTHONPATH} /usr/bin/python3 -W ignore:setup.py install is deprecated -W ignore:easy_install command is deprecated setup.py develop --editable --build-directory /root/soccer_ws/build/strategy_pkg/build --no-deps symlink_data
[1.837s] DEBUG:colcon.colcon_core.event_handler.log_command:Invoking command in '/root/soccer_ws/build/vision_pkg': PYTHONPATH=/root/soccer_ws/build/vision_pkg/prefix_override:/usr/lib/python3/dist-packages/colcon_core/task/python/colcon_distutils_commands:/root/soccer_ws/install/vision_pkg/lib/python3.10/site-packages:${PYTHONPATH} /usr/bin/python3 -W ignore:setup.py install is deprecated -W ignore:easy_install command is deprecated setup.py develop --editable --build-directory /root/soccer_ws/build/vision_pkg/build --no-deps symlink_data
[1.854s] DEBUG:colcon.colcon_core.event_handler.log_command:Invoking command in '/root/soccer_ws/build/teensy2_pkg': PYTHONPATH=/root/soccer_ws/build/teensy2_pkg/prefix_override:/usr/lib/python3/dist-packages/colcon_core/task/python/colcon_distutils_commands:/root/soccer_ws/install/teensy2_pkg/lib/python3.10/site-packages:${PYTHONPATH} /usr/bin/python3 -W ignore:setup.py install is deprecated -W ignore:easy_install command is deprecated setup.py develop --editable --build-directory /root/soccer_ws/build/teensy2_pkg/build --no-deps symlink_data
[2.382s] Level 1:colcon.colcon_core.shell:create_environment_hook('vision_pkg', 'pythonpath_develop')
[2.382s] DEBUG:colcon.colcon_core.event_handler.log_command:Invoked command in '/root/soccer_ws/build/vision_pkg' returned '0': PYTHONPATH=/root/soccer_ws/build/vision_pkg/prefix_override:/usr/lib/python3/dist-packages/colcon_core/task/python/colcon_distutils_commands:/root/soccer_ws/install/vision_pkg/lib/python3.10/site-packages:${PYTHONPATH} /usr/bin/python3 -W ignore:setup.py install is deprecated -W ignore:easy_install command is deprecated setup.py develop --editable --build-directory /root/soccer_ws/build/vision_pkg/build --no-deps symlink_data
[2.386s] INFO:colcon.colcon_core.shell:Creating environment hook '/root/soccer_ws/build/vision_pkg/share/vision_pkg/hook/pythonpath_develop.ps1'
[2.387s] INFO:colcon.colcon_core.shell:Creating environment descriptor '/root/soccer_ws/build/vision_pkg/share/vision_pkg/hook/pythonpath_develop.dsv'
[2.388s] INFO:colcon.colcon_core.shell:Creating environment hook '/root/soccer_ws/build/vision_pkg/share/vision_pkg/hook/pythonpath_develop.sh'
[2.396s] Level 1:colcon.colcon_core.environment:checking '/root/soccer_ws/install/vision_pkg' for CMake module files
[2.396s] Level 1:colcon.colcon_core.environment:checking '/root/soccer_ws/install/vision_pkg' for CMake config files
[2.398s] Level 1:colcon.colcon_core.environment:checking '/root/soccer_ws/install/vision_pkg/lib'
[2.398s] Level 1:colcon.colcon_core.environment:checking '/root/soccer_ws/install/vision_pkg/bin'
[2.398s] Level 1:colcon.colcon_core.environment:checking '/root/soccer_ws/install/vision_pkg/lib/pkgconfig/vision_pkg.pc'
[2.399s] Level 1:colcon.colcon_core.environment:checking '/root/soccer_ws/install/vision_pkg/lib/python3.10/site-packages'
[2.399s] Level 1:colcon.colcon_core.shell:create_environment_hook('vision_pkg', 'pythonpath')
[2.399s] INFO:colcon.colcon_core.shell:Creating environment hook '/root/soccer_ws/install/vision_pkg/share/vision_pkg/hook/pythonpath.ps1'
[2.400s] INFO:colcon.colcon_core.shell:Creating environment descriptor '/root/soccer_ws/install/vision_pkg/share/vision_pkg/hook/pythonpath.dsv'
[2.401s] INFO:colcon.colcon_core.shell:Creating environment hook '/root/soccer_ws/install/vision_pkg/share/vision_pkg/hook/pythonpath.sh'
[2.402s] Level 1:colcon.colcon_core.environment:checking '/root/soccer_ws/install/vision_pkg/bin'
[2.403s] Level 1:colcon.colcon_core.environment:create_environment_scripts_only(vision_pkg)
[2.403s] INFO:colcon.colcon_core.shell:Creating package script '/root/soccer_ws/install/vision_pkg/share/vision_pkg/package.ps1'
[2.405s] INFO:colcon.colcon_core.shell:Creating package descriptor '/root/soccer_ws/install/vision_pkg/share/vision_pkg/package.dsv'
[2.406s] INFO:colcon.colcon_core.shell:Creating package script '/root/soccer_ws/install/vision_pkg/share/vision_pkg/package.sh'
[2.408s] INFO:colcon.colcon_core.shell:Creating package script '/root/soccer_ws/install/vision_pkg/share/vision_pkg/package.bash'
[2.409s] INFO:colcon.colcon_core.shell:Creating package script '/root/soccer_ws/install/vision_pkg/share/vision_pkg/package.zsh'
[2.410s] Level 1:colcon.colcon_core.environment:create_file_with_runtime_dependencies(/root/soccer_ws/install/vision_pkg/share/colcon-core/packages/vision_pkg)
[2.412s] Level 1:colcon.colcon_core.shell:create_environment_hook('strategy_pkg', 'pythonpath_develop')
[2.413s] INFO:colcon.colcon_core.shell:Creating environment hook '/root/soccer_ws/build/strategy_pkg/share/strategy_pkg/hook/pythonpath_develop.ps1'
[2.414s] DEBUG:colcon.colcon_core.event_handler.log_command:Invoked command in '/root/soccer_ws/build/strategy_pkg' returned '0': PYTHONPATH=/root/soccer_ws/build/strategy_pkg/prefix_override:/usr/lib/python3/dist-packages/colcon_core/task/python/colcon_distutils_commands:/root/soccer_ws/install/strategy_pkg/lib/python3.10/site-packages:${PYTHONPATH} /usr/bin/python3 -W ignore:setup.py install is deprecated -W ignore:easy_install command is deprecated setup.py develop --editable --build-directory /root/soccer_ws/build/strategy_pkg/build --no-deps symlink_data
[2.415s] INFO:colcon.colcon_core.shell:Creating environment descriptor '/root/soccer_ws/build/strategy_pkg/share/strategy_pkg/hook/pythonpath_develop.dsv'
[2.415s] INFO:colcon.colcon_core.shell:Creating environment hook '/root/soccer_ws/build/strategy_pkg/share/strategy_pkg/hook/pythonpath_develop.sh'
[2.417s] Level 1:colcon.colcon_core.environment:checking '/root/soccer_ws/install/strategy_pkg' for CMake module files
[2.418s] Level 1:colcon.colcon_core.environment:checking '/root/soccer_ws/install/strategy_pkg' for CMake config files
[2.418s] Level 1:colcon.colcon_core.environment:checking '/root/soccer_ws/install/strategy_pkg/lib'
[2.419s] Level 1:colcon.colcon_core.environment:checking '/root/soccer_ws/install/strategy_pkg/bin'
[2.419s] Level 1:colcon.colcon_core.environment:checking '/root/soccer_ws/install/strategy_pkg/lib/pkgconfig/strategy_pkg.pc'
[2.419s] Level 1:colcon.colcon_core.environment:checking '/root/soccer_ws/install/strategy_pkg/lib/python3.10/site-packages'
[2.419s] Level 1:colcon.colcon_core.shell:create_environment_hook('strategy_pkg', 'pythonpath')
[2.420s] INFO:colcon.colcon_core.shell:Creating environment hook '/root/soccer_ws/install/strategy_pkg/share/strategy_pkg/hook/pythonpath.ps1'
[2.420s] INFO:colcon.colcon_core.shell:Creating environment descriptor '/root/soccer_ws/install/strategy_pkg/share/strategy_pkg/hook/pythonpath.dsv'
[2.421s] INFO:colcon.colcon_core.shell:Creating environment hook '/root/soccer_ws/install/strategy_pkg/share/strategy_pkg/hook/pythonpath.sh'
[2.422s] Level 1:colcon.colcon_core.environment:checking '/root/soccer_ws/install/strategy_pkg/bin'
[2.422s] Level 1:colcon.colcon_core.environment:create_environment_scripts_only(strategy_pkg)
[2.423s] INFO:colcon.colcon_core.shell:Creating package script '/root/soccer_ws/install/strategy_pkg/share/strategy_pkg/package.ps1'
[2.424s] INFO:colcon.colcon_core.shell:Creating package descriptor '/root/soccer_ws/install/strategy_pkg/share/strategy_pkg/package.dsv'
[2.424s] INFO:colcon.colcon_core.shell:Creating package script '/root/soccer_ws/install/strategy_pkg/share/strategy_pkg/package.sh'
[2.425s] INFO:colcon.colcon_core.shell:Creating package script '/root/soccer_ws/install/strategy_pkg/share/strategy_pkg/package.bash'
[2.426s] INFO:colcon.colcon_core.shell:Creating package script '/root/soccer_ws/install/strategy_pkg/share/strategy_pkg/package.zsh'
[2.426s] Level 1:colcon.colcon_core.environment:create_file_with_runtime_dependencies(/root/soccer_ws/install/strategy_pkg/share/colcon-core/packages/strategy_pkg)
[2.427s] Level 1:colcon.colcon_core.shell:create_environment_hook('teensy1_pkg', 'pythonpath_develop')
[2.427s] INFO:colcon.colcon_core.shell:Creating environment hook '/root/soccer_ws/build/teensy1_pkg/share/teensy1_pkg/hook/pythonpath_develop.ps1'
[2.429s] DEBUG:colcon.colcon_core.event_handler.log_command:Invoked command in '/root/soccer_ws/build/teensy1_pkg' returned '0': PYTHONPATH=/root/soccer_ws/build/teensy1_pkg/prefix_override:/usr/lib/python3/dist-packages/colcon_core/task/python/colcon_distutils_commands:/root/soccer_ws/install/teensy1_pkg/lib/python3.10/site-packages:${PYTHONPATH} /usr/bin/python3 -W ignore:setup.py install is deprecated -W ignore:easy_install command is deprecated setup.py develop --editable --build-directory /root/soccer_ws/build/teensy1_pkg/build --no-deps symlink_data
[2.429s] INFO:colcon.colcon_core.shell:Creating environment descriptor '/root/soccer_ws/build/teensy1_pkg/share/teensy1_pkg/hook/pythonpath_develop.dsv'
[2.429s] INFO:colcon.colcon_core.shell:Creating environment hook '/root/soccer_ws/build/teensy1_pkg/share/teensy1_pkg/hook/pythonpath_develop.sh'
[2.430s] Level 1:colcon.colcon_core.environment:checking '/root/soccer_ws/install/teensy1_pkg' for CMake module files
[2.431s] Level 1:colcon.colcon_core.environment:checking '/root/soccer_ws/install/teensy1_pkg' for CMake config files
[2.431s] Level 1:colcon.colcon_core.environment:checking '/root/soccer_ws/install/teensy1_pkg/lib'
[2.431s] Level 1:colcon.colcon_core.environment:checking '/root/soccer_ws/install/teensy1_pkg/bin'
[2.432s] Level 1:colcon.colcon_core.environment:checking '/root/soccer_ws/install/teensy1_pkg/lib/pkgconfig/teensy1_pkg.pc'
[2.432s] Level 1:colcon.colcon_core.environment:checking '/root/soccer_ws/install/teensy1_pkg/lib/python3.10/site-packages'
[2.432s] Level 1:colcon.colcon_core.shell:create_environment_hook('teensy1_pkg', 'pythonpath')
[2.432s] INFO:colcon.colcon_core.shell:Creating environment hook '/root/soccer_ws/install/teensy1_pkg/share/teensy1_pkg/hook/pythonpath.ps1'
[2.433s] INFO:colcon.colcon_core.shell:Creating environment descriptor '/root/soccer_ws/install/teensy1_pkg/share/teensy1_pkg/hook/pythonpath.dsv'
[2.433s] INFO:colcon.colcon_core.shell:Creating environment hook '/root/soccer_ws/install/teensy1_pkg/share/teensy1_pkg/hook/pythonpath.sh'
[2.434s] Level 1:colcon.colcon_core.environment:checking '/root/soccer_ws/install/teensy1_pkg/bin'
[2.434s] Level 1:colcon.colcon_core.environment:create_environment_scripts_only(teensy1_pkg)
[2.434s] INFO:colcon.colcon_core.shell:Creating package script '/root/soccer_ws/install/teensy1_pkg/share/teensy1_pkg/package.ps1'
[2.435s] INFO:colcon.colcon_core.shell:Creating package descriptor '/root/soccer_ws/install/teensy1_pkg/share/teensy1_pkg/package.dsv'
[2.436s] INFO:colcon.colcon_core.shell:Creating package script '/root/soccer_ws/install/teensy1_pkg/share/teensy1_pkg/package.sh'
[2.437s] INFO:colcon.colcon_core.shell:Creating package script '/root/soccer_ws/install/teensy1_pkg/share/teensy1_pkg/package.bash'
[2.437s] INFO:colcon.colcon_core.shell:Creating package script '/root/soccer_ws/install/teensy1_pkg/share/teensy1_pkg/package.zsh'
[2.437s] Level 1:colcon.colcon_core.environment:create_file_with_runtime_dependencies(/root/soccer_ws/install/teensy1_pkg/share/colcon-core/packages/teensy1_pkg)
[2.438s] Level 1:colcon.colcon_core.shell:create_environment_hook('teensy2_pkg', 'pythonpath_develop')
[2.439s] INFO:colcon.colcon_core.shell:Creating environment hook '/root/soccer_ws/build/teensy2_pkg/share/teensy2_pkg/hook/pythonpath_develop.ps1'
[2.440s] DEBUG:colcon.colcon_core.event_handler.log_command:Invoked command in '/root/soccer_ws/build/teensy2_pkg' returned '0': PYTHONPATH=/root/soccer_ws/build/teensy2_pkg/prefix_override:/usr/lib/python3/dist-packages/colcon_core/task/python/colcon_distutils_commands:/root/soccer_ws/install/teensy2_pkg/lib/python3.10/site-packages:${PYTHONPATH} /usr/bin/python3 -W ignore:setup.py install is deprecated -W ignore:easy_install command is deprecated setup.py develop --editable --build-directory /root/soccer_ws/build/teensy2_pkg/build --no-deps symlink_data
[2.440s] INFO:colcon.colcon_core.shell:Creating environment descriptor '/root/soccer_ws/build/teensy2_pkg/share/teensy2_pkg/hook/pythonpath_develop.dsv'
[2.440s] INFO:colcon.colcon_core.shell:Creating environment hook '/root/soccer_ws/build/teensy2_pkg/share/teensy2_pkg/hook/pythonpath_develop.sh'
[2.441s] Level 1:colcon.colcon_core.environment:checking '/root/soccer_ws/install/teensy2_pkg' for CMake module files
[2.442s] Level 1:colcon.colcon_core.environment:checking '/root/soccer_ws/install/teensy2_pkg' for CMake config files
[2.442s] Level 1:colcon.colcon_core.environment:checking '/root/soccer_ws/install/teensy2_pkg/lib'
[2.442s] Level 1:colcon.colcon_core.environment:checking '/root/soccer_ws/install/teensy2_pkg/bin'
[2.442s] Level 1:colcon.colcon_core.environment:checking '/root/soccer_ws/install/teensy2_pkg/lib/pkgconfig/teensy2_pkg.pc'
[2.443s] Level 1:colcon.colcon_core.environment:checking '/root/soccer_ws/install/teensy2_pkg/lib/python3.10/site-packages'
[2.443s] Level 1:colcon.colcon_core.shell:create_environment_hook('teensy2_pkg', 'pythonpath')
[2.443s] INFO:colcon.colcon_core.shell:Creating environment hook '/root/soccer_ws/install/teensy2_pkg/share/teensy2_pkg/hook/pythonpath.ps1'
[2.444s] INFO:colcon.colcon_core.shell:Creating environment descriptor '/root/soccer_ws/install/teensy2_pkg/share/teensy2_pkg/hook/pythonpath.dsv'
[2.444s] INFO:colcon.colcon_core.shell:Creating environment hook '/root/soccer_ws/install/teensy2_pkg/share/teensy2_pkg/hook/pythonpath.sh'
[2.445s] Level 1:colcon.colcon_core.environment:checking '/root/soccer_ws/install/teensy2_pkg/bin'
[2.445s] Level 1:colcon.colcon_core.environment:create_environment_scripts_only(teensy2_pkg)
[2.446s] INFO:colcon.colcon_core.shell:Creating package script '/root/soccer_ws/install/teensy2_pkg/share/teensy2_pkg/package.ps1'
[2.446s] INFO:colcon.colcon_core.shell:Creating package descriptor '/root/soccer_ws/install/teensy2_pkg/share/teensy2_pkg/package.dsv'
[2.447s] INFO:colcon.colcon_core.shell:Creating package script '/root/soccer_ws/install/teensy2_pkg/share/teensy2_pkg/package.sh'
[2.447s] INFO:colcon.colcon_core.shell:Creating package script '/root/soccer_ws/install/teensy2_pkg/share/teensy2_pkg/package.bash'
[2.447s] INFO:colcon.colcon_core.shell:Creating package script '/root/soccer_ws/install/teensy2_pkg/share/teensy2_pkg/package.zsh'
[2.448s] Level 1:colcon.colcon_core.environment:create_file_with_runtime_dependencies(/root/soccer_ws/install/teensy2_pkg/share/colcon-core/packages/teensy2_pkg)
[2.448s] DEBUG:colcon.colcon_parallel_executor.executor.parallel:closing loop
[2.449s] DEBUG:colcon.colcon_parallel_executor.executor.parallel:loop closed
[2.449s] DEBUG:colcon.colcon_parallel_executor.executor.parallel:run_until_complete finished with '0'
[2.449s] DEBUG:colcon.colcon_core.event_reactor:joining thread
[2.456s] INFO:colcon.colcon_core.plugin_system:Skipping extension 'colcon_notification.desktop_notification.notify_send': Could not find 'notify-send'
[2.456s] INFO:colcon.colcon_core.plugin_system:Skipping extension 'colcon_notification.desktop_notification.terminal_notifier': Not used on non-Darwin systems
[2.456s] INFO:colcon.colcon_core.plugin_system:Skipping extension 'colcon_notification.desktop_notification.win32': Not used on non-Windows systems
[2.456s] INFO:colcon.colcon_notification.desktop_notification:Sending desktop notification using 'notify2'
[2.456s] DEBUG:colcon.colcon_notification.desktop_notification.notify2:Failed to initialize notify2: org.freedesktop.DBus.Error.InvalidFileContent: D-Bus library appears to be incorrectly set up: see the manual page for dbus-uuidgen to correct this issue. (Failed to open "/var/lib/dbus/machine-id": No such file or directory; UUID file '/etc/machine-id' should contain a hex string of length 32, not length 0, with no other text)
[2.456s] DEBUG:colcon.colcon_core.event_reactor:joined thread
[2.456s] INFO:colcon.colcon_core.shell:Creating prefix script '/root/soccer_ws/install/local_setup.ps1'
[2.458s] INFO:colcon.colcon_core.shell:Creating prefix util module '/root/soccer_ws/install/_local_setup_util_ps1.py'
[2.460s] INFO:colcon.colcon_core.shell:Creating prefix chain script '/root/soccer_ws/install/setup.ps1'
[2.462s] INFO:colcon.colcon_core.shell:Creating prefix script '/root/soccer_ws/install/local_setup.sh'
[2.463s] INFO:colcon.colcon_core.shell:Creating prefix util module '/root/soccer_ws/install/_local_setup_util_sh.py'
[2.464s] INFO:colcon.colcon_core.shell:Creating prefix chain script '/root/soccer_ws/install/setup.sh'
[2.465s] INFO:colcon.colcon_core.shell:Creating prefix script '/root/soccer_ws/install/local_setup.bash'
[2.466s] INFO:colcon.colcon_core.shell:Creating prefix chain script '/root/soccer_ws/install/setup.bash'
[2.467s] INFO:colcon.colcon_core.shell:Creating prefix script '/root/soccer_ws/install/local_setup.zsh'
[2.468s] INFO:colcon.colcon_core.shell:Creating prefix chain script '/root/soccer_ws/install/setup.zsh'
