running egg_info
writing ../../build/teensy2_pkg/teensy2_pkg.egg-info/PKG-INFO
writing dependency_links to ../../build/teensy2_pkg/teensy2_pkg.egg-info/dependency_links.txt
writing entry points to ../../build/teensy2_pkg/teensy2_pkg.egg-info/entry_points.txt
writing requirements to ../../build/teensy2_pkg/teensy2_pkg.egg-info/requires.txt
writing top-level names to ../../build/teensy2_pkg/teensy2_pkg.egg-info/top_level.txt
reading manifest file '../../build/teensy2_pkg/teensy2_pkg.egg-info/SOURCES.txt'
adding license file 'LICENSE'
writing manifest file '../../build/teensy2_pkg/teensy2_pkg.egg-info/SOURCES.txt'
running build
running build_py
copying teensy2_pkg/teensy2_bridge.py -> /root/soccer_ws/build/teensy2_pkg/build/lib/teensy2_pkg
running install
running install_lib
copying /root/soccer_ws/build/teensy2_pkg/build/lib/teensy2_pkg/teensy2_bridge.py -> /root/soccer_ws/install/teensy2_pkg/lib/python3.10/site-packages/teensy2_pkg
byte-compiling /root/soccer_ws/install/teensy2_pkg/lib/python3.10/site-packages/teensy2_pkg/teensy2_bridge.py to teensy2_bridge.cpython-310.pyc
running install_data
running install_egg_info
removing '/root/soccer_ws/install/teensy2_pkg/lib/python3.10/site-packages/teensy2_pkg-0.0.0-py3.10.egg-info' (and everything under it)
Copying ../../build/teensy2_pkg/teensy2_pkg.egg-info to /root/soccer_ws/install/teensy2_pkg/lib/python3.10/site-packages/teensy2_pkg-0.0.0-py3.10.egg-info
running install_scripts
Installing strategist script to /root/soccer_ws/install/teensy2_pkg/lib/teensy2_pkg
Installing teensy2_bridge_node script to /root/soccer_ws/install/teensy2_pkg/lib/teensy2_pkg
writing list of installed files to '/root/soccer_ws/build/teensy2_pkg/install.log'
