[0.621s] Invoking command in '/root/soccer_ws/src/teensy2_pkg': PYTHONPATH=/root/soccer_ws/build/teensy2_pkg/prefix_override:/usr/lib/python3/dist-packages/colcon_core/task/python/colcon_distutils_commands:/root/soccer_ws/install/teensy2_pkg/lib/python3.10/site-packages:${PYTHONPATH} /usr/bin/python3 -W ignore:setup.py install is deprecated -W ignore:easy_install command is deprecated setup.py egg_info --egg-base ../../build/teensy2_pkg build --build-base /root/soccer_ws/build/teensy2_pkg/build install --record /root/soccer_ws/build/teensy2_pkg/install.log --single-version-externally-managed install_data
[0.837s] running egg_info
[0.838s] writing ../../build/teensy2_pkg/teensy2_pkg.egg-info/PKG-INFO
[0.838s] writing dependency_links to ../../build/teensy2_pkg/teensy2_pkg.egg-info/dependency_links.txt
[0.838s] writing entry points to ../../build/teensy2_pkg/teensy2_pkg.egg-info/entry_points.txt
[0.838s] writing requirements to ../../build/teensy2_pkg/teensy2_pkg.egg-info/requires.txt
[0.838s] writing top-level names to ../../build/teensy2_pkg/teensy2_pkg.egg-info/top_level.txt
[0.840s] reading manifest file '../../build/teensy2_pkg/teensy2_pkg.egg-info/SOURCES.txt'
[0.846s] adding license file 'LICENSE'
[0.847s] writing manifest file '../../build/teensy2_pkg/teensy2_pkg.egg-info/SOURCES.txt'
[0.847s] running build
[0.847s] running build_py
[0.847s] copying teensy2_pkg/teensy2_bridge.py -> /root/soccer_ws/build/teensy2_pkg/build/lib/teensy2_pkg
[0.848s] running install
[0.848s] running install_lib
[0.849s] copying /root/soccer_ws/build/teensy2_pkg/build/lib/teensy2_pkg/teensy2_bridge.py -> /root/soccer_ws/install/teensy2_pkg/lib/python3.10/site-packages/teensy2_pkg
[0.850s] byte-compiling /root/soccer_ws/install/teensy2_pkg/lib/python3.10/site-packages/teensy2_pkg/teensy2_bridge.py to teensy2_bridge.cpython-310.pyc
[0.851s] running install_data
[0.851s] running install_egg_info
[0.855s] removing '/root/soccer_ws/install/teensy2_pkg/lib/python3.10/site-packages/teensy2_pkg-0.0.0-py3.10.egg-info' (and everything under it)
[0.858s] Copying ../../build/teensy2_pkg/teensy2_pkg.egg-info to /root/soccer_ws/install/teensy2_pkg/lib/python3.10/site-packages/teensy2_pkg-0.0.0-py3.10.egg-info
[0.861s] running install_scripts
[0.883s] Installing strategist script to /root/soccer_ws/install/teensy2_pkg/lib/teensy2_pkg
[0.884s] Installing teensy2_bridge_node script to /root/soccer_ws/install/teensy2_pkg/lib/teensy2_pkg
[0.884s] writing list of installed files to '/root/soccer_ws/build/teensy2_pkg/install.log'
[0.934s] Invoked command in '/root/soccer_ws/src/teensy2_pkg' returned '0': PYTHONPATH=/root/soccer_ws/build/teensy2_pkg/prefix_override:/usr/lib/python3/dist-packages/colcon_core/task/python/colcon_distutils_commands:/root/soccer_ws/install/teensy2_pkg/lib/python3.10/site-packages:${PYTHONPATH} /usr/bin/python3 -W ignore:setup.py install is deprecated -W ignore:easy_install command is deprecated setup.py egg_info --egg-base ../../build/teensy2_pkg build --build-base /root/soccer_ws/build/teensy2_pkg/build install --record /root/soccer_ws/build/teensy2_pkg/install.log --single-version-externally-managed install_data
