running develop
running egg_info
creating strategy_pkg.egg-info
writing strategy_pkg.egg-info/PKG-INFO
writing dependency_links to strategy_pkg.egg-info/dependency_links.txt
writing entry points to strategy_pkg.egg-info/entry_points.txt
writing requirements to strategy_pkg.egg-info/requires.txt
writing top-level names to strategy_pkg.egg-info/top_level.txt
writing manifest file 'strategy_pkg.egg-info/SOURCES.txt'
reading manifest file 'strategy_pkg.egg-info/SOURCES.txt'
writing manifest file 'strategy_pkg.egg-info/SOURCES.txt'
running build_ext
Creating /root/soccer_ws/install/strategy_pkg/lib/python3.10/site-packages/strategy-pkg.egg-link (link to .)
Installing camera_bridge_node script to /root/soccer_ws/install/strategy_pkg/lib/strategy_pkg
Installing strategist script to /root/soccer_ws/install/strategy_pkg/lib/strategy_pkg
Installing teensy1_bridge_node script to /root/soccer_ws/install/strategy_pkg/lib/strategy_pkg

Installed /root/soccer_ws/build/strategy_pkg
running symlink_data
creating /root/soccer_ws/install/strategy_pkg/share/ament_index
creating /root/soccer_ws/install/strategy_pkg/share/ament_index/resource_index
creating /root/soccer_ws/install/strategy_pkg/share/ament_index/resource_index/packages
symbolically linking /root/soccer_ws/build/strategy_pkg/resource/strategy_pkg -> /root/soccer_ws/install/strategy_pkg/share/ament_index/resource_index/packages
symbolically linking /root/soccer_ws/build/strategy_pkg/package.xml -> /root/soccer_ws/install/strategy_pkg/share/strategy_pkg
