[1.525s] Invoking command in '/root/soccer_ws/build/teensy2_pkg': PYTHONPATH=/root/soccer_ws/build/teensy2_pkg/prefix_override:/usr/lib/python3/dist-packages/colcon_core/task/python/colcon_distutils_commands:/root/soccer_ws/install/teensy2_pkg/lib/python3.10/site-packages:${PYTHONPATH} /usr/bin/python3 -W ignore:setup.py install is deprecated -W ignore:easy_install command is deprecated setup.py develop --editable --build-directory /root/soccer_ws/build/teensy2_pkg/build --no-deps symlink_data
[1.861s] running develop
[1.996s] running egg_info
[1.997s] creating teensy2_pkg.egg-info
[1.997s] writing teensy2_pkg.egg-info/PKG-INFO
[1.997s] writing dependency_links to teensy2_pkg.egg-info/dependency_links.txt
[1.997s] writing entry points to teensy2_pkg.egg-info/entry_points.txt
[1.998s] writing requirements to teensy2_pkg.egg-info/requires.txt
[1.998s] writing top-level names to teensy2_pkg.egg-info/top_level.txt
[1.998s] writing manifest file 'teensy2_pkg.egg-info/SOURCES.txt'
[2.004s] reading manifest file 'teensy2_pkg.egg-info/SOURCES.txt'
[2.005s] writing manifest file 'teensy2_pkg.egg-info/SOURCES.txt'
[2.010s] running build_ext
[2.010s] Creating /root/soccer_ws/install/teensy2_pkg/lib/python3.10/site-packages/teensy2-pkg.egg-link (link to .)
[2.015s] Installing strategist script to /root/soccer_ws/install/teensy2_pkg/lib/teensy2_pkg
[2.016s] Installing teensy2_bridge_node script to /root/soccer_ws/install/teensy2_pkg/lib/teensy2_pkg
[2.021s] 
[2.021s] Installed /root/soccer_ws/build/teensy2_pkg
[2.022s] running symlink_data
[2.022s] creating /root/soccer_ws/install/teensy2_pkg/share/ament_index
[2.022s] creating /root/soccer_ws/install/teensy2_pkg/share/ament_index/resource_index
[2.022s] creating /root/soccer_ws/install/teensy2_pkg/share/ament_index/resource_index/packages
[2.022s] symbolically linking /root/soccer_ws/build/teensy2_pkg/resource/teensy2_pkg -> /root/soccer_ws/install/teensy2_pkg/share/ament_index/resource_index/packages
[2.023s] symbolically linking /root/soccer_ws/build/teensy2_pkg/package.xml -> /root/soccer_ws/install/teensy2_pkg/share/teensy2_pkg
[2.111s] Invoked command in '/root/soccer_ws/build/teensy2_pkg' returned '0': PYTHONPATH=/root/soccer_ws/build/teensy2_pkg/prefix_override:/usr/lib/python3/dist-packages/colcon_core/task/python/colcon_distutils_commands:/root/soccer_ws/install/teensy2_pkg/lib/python3.10/site-packages:${PYTHONPATH} /usr/bin/python3 -W ignore:setup.py install is deprecated -W ignore:easy_install command is deprecated setup.py develop --editable --build-directory /root/soccer_ws/build/teensy2_pkg/build --no-deps symlink_data
