[0.616s] Invoking command in '/root/soccer_ws/src/vision_pkg': PYTHONPATH=/root/soccer_ws/build/vision_pkg/prefix_override:/usr/lib/python3/dist-packages/colcon_core/task/python/colcon_distutils_commands:/root/soccer_ws/install/vision_pkg/lib/python3.10/site-packages:${PYTHONPATH} /usr/bin/python3 -W ignore:setup.py install is deprecated -W ignore:easy_install command is deprecated setup.py egg_info --egg-base ../../build/vision_pkg build --build-base /root/soccer_ws/build/vision_pkg/build install --record /root/soccer_ws/build/vision_pkg/install.log --single-version-externally-managed install_data
[0.831s] running egg_info
[0.832s] writing ../../build/vision_pkg/vision_pkg.egg-info/PKG-INFO
[0.833s] writing dependency_links to ../../build/vision_pkg/vision_pkg.egg-info/dependency_links.txt
[0.833s] writing entry points to ../../build/vision_pkg/vision_pkg.egg-info/entry_points.txt
[0.834s] writing requirements to ../../build/vision_pkg/vision_pkg.egg-info/requires.txt
[0.834s] writing top-level names to ../../build/vision_pkg/vision_pkg.egg-info/top_level.txt
[0.835s] reading manifest file '../../build/vision_pkg/vision_pkg.egg-info/SOURCES.txt'
[0.840s] adding license file 'LICENSE'
[0.841s] writing manifest file '../../build/vision_pkg/vision_pkg.egg-info/SOURCES.txt'
[0.842s] running build
[0.842s] running build_py
[0.843s] copying vision_pkg/camera_bridge.py -> /root/soccer_ws/build/vision_pkg/build/lib/vision_pkg
[0.844s] running install
[0.844s] running install_lib
[0.845s] copying /root/soccer_ws/build/vision_pkg/build/lib/vision_pkg/camera_bridge.py -> /root/soccer_ws/install/vision_pkg/lib/python3.10/site-packages/vision_pkg
[0.846s] byte-compiling /root/soccer_ws/install/vision_pkg/lib/python3.10/site-packages/vision_pkg/camera_bridge.py to camera_bridge.cpython-310.pyc
[0.847s] running install_data
[0.847s] running install_egg_info
[0.851s] removing '/root/soccer_ws/install/vision_pkg/lib/python3.10/site-packages/vision_pkg-0.0.0-py3.10.egg-info' (and everything under it)
[0.853s] Copying ../../build/vision_pkg/vision_pkg.egg-info to /root/soccer_ws/install/vision_pkg/lib/python3.10/site-packages/vision_pkg-0.0.0-py3.10.egg-info
[0.854s] running install_scripts
[0.878s] Installing camera_bridge_node script to /root/soccer_ws/install/vision_pkg/lib/vision_pkg
[0.879s] Installing strategist script to /root/soccer_ws/install/vision_pkg/lib/vision_pkg
[0.879s] writing list of installed files to '/root/soccer_ws/build/vision_pkg/install.log'
[0.929s] Invoked command in '/root/soccer_ws/src/vision_pkg' returned '0': PYTHONPATH=/root/soccer_ws/build/vision_pkg/prefix_override:/usr/lib/python3/dist-packages/colcon_core/task/python/colcon_distutils_commands:/root/soccer_ws/install/vision_pkg/lib/python3.10/site-packages:${PYTHONPATH} /usr/bin/python3 -W ignore:setup.py install is deprecated -W ignore:easy_install command is deprecated setup.py egg_info --egg-base ../../build/vision_pkg build --build-base /root/soccer_ws/build/vision_pkg/build install --record /root/soccer_ws/build/vision_pkg/install.log --single-version-externally-managed install_data
