running develop
Removing /root/soccer_ws/install/teensy2_pkg/lib/python3.10/site-packages/teensy2-pkg.egg-link (link to .)
running egg_info
writing ../../build/teensy2_pkg/teensy2_pkg.egg-info/PKG-INFO
writing dependency_links to ../../build/teensy2_pkg/teensy2_pkg.egg-info/dependency_links.txt
writing entry points to ../../build/teensy2_pkg/teensy2_pkg.egg-info/entry_points.txt
writing requirements to ../../build/teensy2_pkg/teensy2_pkg.egg-info/requires.txt
writing top-level names to ../../build/teensy2_pkg/teensy2_pkg.egg-info/top_level.txt
reading manifest file '../../build/teensy2_pkg/teensy2_pkg.egg-info/SOURCES.txt'
adding license file 'LICENSE'
writing manifest file '../../build/teensy2_pkg/teensy2_pkg.egg-info/SOURCES.txt'
running build
running build_py
creating /root/soccer_ws/build/teensy2_pkg/build
creating /root/soccer_ws/build/teensy2_pkg/build/lib
creating /root/soccer_ws/build/teensy2_pkg/build/lib/teensy2_pkg
copying teensy2_pkg/__init__.py -> /root/soccer_ws/build/teensy2_pkg/build/lib/teensy2_pkg
copying teensy2_pkg/teensy2_bridge.py -> /root/soccer_ws/build/teensy2_pkg/build/lib/teensy2_pkg
running install
running install_lib
creating /root/soccer_ws/install/teensy2_pkg/lib/python3.10/site-packages/teensy2_pkg
copying /root/soccer_ws/build/teensy2_pkg/build/lib/teensy2_pkg/__init__.py -> /root/soccer_ws/install/teensy2_pkg/lib/python3.10/site-packages/teensy2_pkg
copying /root/soccer_ws/build/teensy2_pkg/build/lib/teensy2_pkg/teensy2_bridge.py -> /root/soccer_ws/install/teensy2_pkg/lib/python3.10/site-packages/teensy2_pkg
byte-compiling /root/soccer_ws/install/teensy2_pkg/lib/python3.10/site-packages/teensy2_pkg/__init__.py to __init__.cpython-310.pyc
byte-compiling /root/soccer_ws/install/teensy2_pkg/lib/python3.10/site-packages/teensy2_pkg/teensy2_bridge.py to teensy2_bridge.cpython-310.pyc
running install_data
copying resource/teensy2_pkg -> /root/soccer_ws/install/teensy2_pkg/share/ament_index/resource_index/packages
copying package.xml -> /root/soccer_ws/install/teensy2_pkg/share/teensy2_pkg
running install_egg_info
Copying ../../build/teensy2_pkg/teensy2_pkg.egg-info to /root/soccer_ws/install/teensy2_pkg/lib/python3.10/site-packages/teensy2_pkg-0.0.0-py3.10.egg-info
running install_scripts
Installing strategist script to /root/soccer_ws/install/teensy2_pkg/lib/teensy2_pkg
Installing teensy2_bridge_node script to /root/soccer_ws/install/teensy2_pkg/lib/teensy2_pkg
writing list of installed files to '/root/soccer_ws/build/teensy2_pkg/install.log'
