[1.754s] Invoking command in '/root/soccer_ws/build/teensy2_pkg': PYTHONPATH=/root/soccer_ws/build/teensy2_pkg/prefix_override:/usr/lib/python3/dist-packages/colcon_core/task/python/colcon_distutils_commands:/root/soccer_ws/install/teensy2_pkg/lib/python3.10/site-packages:${PYTHONPATH} /usr/bin/python3 -W ignore:setup.py install is deprecated -W ignore:easy_install command is deprecated setup.py develop --uninstall --editable --build-directory /root/soccer_ws/build/teensy2_pkg/build
[2.089s] running develop
[2.199s] Removing /root/soccer_ws/install/teensy2_pkg/lib/python3.10/site-packages/teensy2-pkg.egg-link (link to .)
[2.326s] Invoked command in '/root/soccer_ws/build/teensy2_pkg' returned '0': PYTHONPATH=/root/soccer_ws/build/teensy2_pkg/prefix_override:/usr/lib/python3/dist-packages/colcon_core/task/python/colcon_distutils_commands:/root/soccer_ws/install/teensy2_pkg/lib/python3.10/site-packages:${PYTHONPATH} /usr/bin/python3 -W ignore:setup.py install is deprecated -W ignore:easy_install command is deprecated setup.py develop --uninstall --editable --build-directory /root/soccer_ws/build/teensy2_pkg/build
[2.329s] Invoking command in '/root/soccer_ws/src/teensy2_pkg': PYTHONPATH=/root/soccer_ws/build/teensy2_pkg/prefix_override:/usr/lib/python3/dist-packages/colcon_core/task/python/colcon_distutils_commands:/root/soccer_ws/install/teensy2_pkg/lib/python3.10/site-packages:${PYTHONPATH} /usr/bin/python3 -W ignore:setup.py install is deprecated -W ignore:easy_install command is deprecated setup.py egg_info --egg-base ../../build/teensy2_pkg build --build-base /root/soccer_ws/build/teensy2_pkg/build install --record /root/soccer_ws/build/teensy2_pkg/install.log --single-version-externally-managed install_data --force
[2.655s] running egg_info
[2.656s] writing ../../build/teensy2_pkg/teensy2_pkg.egg-info/PKG-INFO
[2.656s] writing dependency_links to ../../build/teensy2_pkg/teensy2_pkg.egg-info/dependency_links.txt
[2.657s] writing entry points to ../../build/teensy2_pkg/teensy2_pkg.egg-info/entry_points.txt
[2.657s] writing requirements to ../../build/teensy2_pkg/teensy2_pkg.egg-info/requires.txt
[2.657s] writing top-level names to ../../build/teensy2_pkg/teensy2_pkg.egg-info/top_level.txt
[2.660s] reading manifest file '../../build/teensy2_pkg/teensy2_pkg.egg-info/SOURCES.txt'
[2.668s] adding license file 'LICENSE'
[2.668s] writing manifest file '../../build/teensy2_pkg/teensy2_pkg.egg-info/SOURCES.txt'
[2.670s] running build
[2.670s] running build_py
[2.670s] creating /root/soccer_ws/build/teensy2_pkg/build
[2.670s] creating /root/soccer_ws/build/teensy2_pkg/build/lib
[2.671s] creating /root/soccer_ws/build/teensy2_pkg/build/lib/teensy2_pkg
[2.671s] copying teensy2_pkg/__init__.py -> /root/soccer_ws/build/teensy2_pkg/build/lib/teensy2_pkg
[2.671s] copying teensy2_pkg/teensy2_bridge.py -> /root/soccer_ws/build/teensy2_pkg/build/lib/teensy2_pkg
[2.672s] running install
[2.672s] running install_lib
[2.672s] creating /root/soccer_ws/install/teensy2_pkg/lib/python3.10/site-packages/teensy2_pkg
[2.676s] copying /root/soccer_ws/build/teensy2_pkg/build/lib/teensy2_pkg/__init__.py -> /root/soccer_ws/install/teensy2_pkg/lib/python3.10/site-packages/teensy2_pkg
[2.676s] copying /root/soccer_ws/build/teensy2_pkg/build/lib/teensy2_pkg/teensy2_bridge.py -> /root/soccer_ws/install/teensy2_pkg/lib/python3.10/site-packages/teensy2_pkg
[2.676s] byte-compiling /root/soccer_ws/install/teensy2_pkg/lib/python3.10/site-packages/teensy2_pkg/__init__.py to __init__.cpython-310.pyc
[2.676s] byte-compiling /root/soccer_ws/install/teensy2_pkg/lib/python3.10/site-packages/teensy2_pkg/teensy2_bridge.py to teensy2_bridge.cpython-310.pyc
[2.677s] running install_data
[2.677s] copying resource/teensy2_pkg -> /root/soccer_ws/install/teensy2_pkg/share/ament_index/resource_index/packages
[2.677s] copying package.xml -> /root/soccer_ws/install/teensy2_pkg/share/teensy2_pkg
[2.677s] running install_egg_info
[2.680s] Copying ../../build/teensy2_pkg/teensy2_pkg.egg-info to /root/soccer_ws/install/teensy2_pkg/lib/python3.10/site-packages/teensy2_pkg-0.0.0-py3.10.egg-info
[2.684s] running install_scripts
[2.721s] Installing strategist script to /root/soccer_ws/install/teensy2_pkg/lib/teensy2_pkg
[2.722s] Installing teensy2_bridge_node script to /root/soccer_ws/install/teensy2_pkg/lib/teensy2_pkg
[2.722s] writing list of installed files to '/root/soccer_ws/build/teensy2_pkg/install.log'
[2.817s] Invoked command in '/root/soccer_ws/src/teensy2_pkg' returned '0': PYTHONPATH=/root/soccer_ws/build/teensy2_pkg/prefix_override:/usr/lib/python3/dist-packages/colcon_core/task/python/colcon_distutils_commands:/root/soccer_ws/install/teensy2_pkg/lib/python3.10/site-packages:${PYTHONPATH} /usr/bin/python3 -W ignore:setup.py install is deprecated -W ignore:easy_install command is deprecated setup.py egg_info --egg-base ../../build/teensy2_pkg build --build-base /root/soccer_ws/build/teensy2_pkg/build install --record /root/soccer_ws/build/teensy2_pkg/install.log --single-version-externally-managed install_data --force
