[0.620s] Invoking command in '/root/soccer_ws/src/teensy1_pkg': PYTHONPATH=/root/soccer_ws/build/teensy1_pkg/prefix_override:/usr/lib/python3/dist-packages/colcon_core/task/python/colcon_distutils_commands:/root/soccer_ws/install/teensy1_pkg/lib/python3.10/site-packages:${PYTHONPATH} /usr/bin/python3 -W ignore:setup.py install is deprecated -W ignore:easy_install command is deprecated setup.py egg_info --egg-base ../../build/teensy1_pkg build --build-base /root/soccer_ws/build/teensy1_pkg/build install --record /root/soccer_ws/build/teensy1_pkg/install.log --single-version-externally-managed install_data
[0.837s] running egg_info
[0.838s] writing ../../build/teensy1_pkg/teensy1_pkg.egg-info/PKG-INFO
[0.839s] writing dependency_links to ../../build/teensy1_pkg/teensy1_pkg.egg-info/dependency_links.txt
[0.839s] writing entry points to ../../build/teensy1_pkg/teensy1_pkg.egg-info/entry_points.txt
[0.839s] writing requirements to ../../build/teensy1_pkg/teensy1_pkg.egg-info/requires.txt
[0.839s] writing top-level names to ../../build/teensy1_pkg/teensy1_pkg.egg-info/top_level.txt
[0.841s] reading manifest file '../../build/teensy1_pkg/teensy1_pkg.egg-info/SOURCES.txt'
[0.847s] adding license file 'LICENSE'
[0.847s] writing manifest file '../../build/teensy1_pkg/teensy1_pkg.egg-info/SOURCES.txt'
[0.848s] running build
[0.848s] running build_py
[0.848s] copying teensy1_pkg/teensy1_bridge.py -> /root/soccer_ws/build/teensy1_pkg/build/lib/teensy1_pkg
[0.848s] running install
[0.849s] running install_lib
[0.850s] copying /root/soccer_ws/build/teensy1_pkg/build/lib/teensy1_pkg/teensy1_bridge.py -> /root/soccer_ws/install/teensy1_pkg/lib/python3.10/site-packages/teensy1_pkg
[0.851s] byte-compiling /root/soccer_ws/install/teensy1_pkg/lib/python3.10/site-packages/teensy1_pkg/teensy1_bridge.py to teensy1_bridge.cpython-310.pyc
[0.855s] running install_data
[0.855s] running install_egg_info
[0.855s] removing '/root/soccer_ws/install/teensy1_pkg/lib/python3.10/site-packages/teensy1_pkg-0.0.0-py3.10.egg-info' (and everything under it)
[0.856s] Copying ../../build/teensy1_pkg/teensy1_pkg.egg-info to /root/soccer_ws/install/teensy1_pkg/lib/python3.10/site-packages/teensy1_pkg-0.0.0-py3.10.egg-info
[0.857s] running install_scripts
[0.882s] Installing strategist script to /root/soccer_ws/install/teensy1_pkg/lib/teensy1_pkg
[0.882s] Installing teensy1_bridge_node script to /root/soccer_ws/install/teensy1_pkg/lib/teensy1_pkg
[0.882s] writing list of installed files to '/root/soccer_ws/build/teensy1_pkg/install.log'
[0.931s] Invoked command in '/root/soccer_ws/src/teensy1_pkg' returned '0': PYTHONPATH=/root/soccer_ws/build/teensy1_pkg/prefix_override:/usr/lib/python3/dist-packages/colcon_core/task/python/colcon_distutils_commands:/root/soccer_ws/install/teensy1_pkg/lib/python3.10/site-packages:${PYTHONPATH} /usr/bin/python3 -W ignore:setup.py install is deprecated -W ignore:easy_install command is deprecated setup.py egg_info --egg-base ../../build/teensy1_pkg build --build-base /root/soccer_ws/build/teensy1_pkg/build install --record /root/soccer_ws/build/teensy1_pkg/install.log --single-version-externally-managed install_data
