running develop
Removing /root/soccer_ws/install/vision_pkg/lib/python3.10/site-packages/vision-pkg.egg-link (link to .)
running egg_info
writing ../../build/vision_pkg/vision_pkg.egg-info/PKG-INFO
writing dependency_links to ../../build/vision_pkg/vision_pkg.egg-info/dependency_links.txt
writing entry points to ../../build/vision_pkg/vision_pkg.egg-info/entry_points.txt
writing requirements to ../../build/vision_pkg/vision_pkg.egg-info/requires.txt
writing top-level names to ../../build/vision_pkg/vision_pkg.egg-info/top_level.txt
reading manifest file '../../build/vision_pkg/vision_pkg.egg-info/SOURCES.txt'
adding license file 'LICENSE'
writing manifest file '../../build/vision_pkg/vision_pkg.egg-info/SOURCES.txt'
running build
running build_py
creating /root/soccer_ws/build/vision_pkg/build
creating /root/soccer_ws/build/vision_pkg/build/lib
creating /root/soccer_ws/build/vision_pkg/build/lib/vision_pkg
copying vision_pkg/__init__.py -> /root/soccer_ws/build/vision_pkg/build/lib/vision_pkg
copying vision_pkg/camera_bridge.py -> /root/soccer_ws/build/vision_pkg/build/lib/vision_pkg
running install
running install_lib
creating /root/soccer_ws/install/vision_pkg/lib/python3.10/site-packages/vision_pkg
copying /root/soccer_ws/build/vision_pkg/build/lib/vision_pkg/__init__.py -> /root/soccer_ws/install/vision_pkg/lib/python3.10/site-packages/vision_pkg
copying /root/soccer_ws/build/vision_pkg/build/lib/vision_pkg/camera_bridge.py -> /root/soccer_ws/install/vision_pkg/lib/python3.10/site-packages/vision_pkg
byte-compiling /root/soccer_ws/install/vision_pkg/lib/python3.10/site-packages/vision_pkg/__init__.py to __init__.cpython-310.pyc
byte-compiling /root/soccer_ws/install/vision_pkg/lib/python3.10/site-packages/vision_pkg/camera_bridge.py to camera_bridge.cpython-310.pyc
running install_data
copying resource/vision_pkg -> /root/soccer_ws/install/vision_pkg/share/ament_index/resource_index/packages
copying package.xml -> /root/soccer_ws/install/vision_pkg/share/vision_pkg
running install_egg_info
Copying ../../build/vision_pkg/vision_pkg.egg-info to /root/soccer_ws/install/vision_pkg/lib/python3.10/site-packages/vision_pkg-0.0.0-py3.10.egg-info
running install_scripts
Installing camera_bridge_node script to /root/soccer_ws/install/vision_pkg/lib/vision_pkg
Installing strategist script to /root/soccer_ws/install/vision_pkg/lib/vision_pkg
writing list of installed files to '/root/soccer_ws/build/vision_pkg/install.log'
