running develop
Removing /root/soccer_ws/install/strategy_pkg/lib/python3.10/site-packages/strategy-pkg.egg-link (link to .)
running egg_info
writing ../../build/strategy_pkg/strategy_pkg.egg-info/PKG-INFO
writing dependency_links to ../../build/strategy_pkg/strategy_pkg.egg-info/dependency_links.txt
writing entry points to ../../build/strategy_pkg/strategy_pkg.egg-info/entry_points.txt
writing requirements to ../../build/strategy_pkg/strategy_pkg.egg-info/requires.txt
writing top-level names to ../../build/strategy_pkg/strategy_pkg.egg-info/top_level.txt
reading manifest file '../../build/strategy_pkg/strategy_pkg.egg-info/SOURCES.txt'
adding license file 'LICENSE'
writing manifest file '../../build/strategy_pkg/strategy_pkg.egg-info/SOURCES.txt'
running build
running build_py
creating /root/soccer_ws/build/strategy_pkg/build
creating /root/soccer_ws/build/strategy_pkg/build/lib
creating /root/soccer_ws/build/strategy_pkg/build/lib/strategy_pkg
copying strategy_pkg/__init__.py -> /root/soccer_ws/build/strategy_pkg/build/lib/strategy_pkg
copying strategy_pkg/strategist.py -> /root/soccer_ws/build/strategy_pkg/build/lib/strategy_pkg
running install
running install_lib
creating /root/soccer_ws/install/strategy_pkg/lib/python3.10/site-packages/strategy_pkg
copying /root/soccer_ws/build/strategy_pkg/build/lib/strategy_pkg/__init__.py -> /root/soccer_ws/install/strategy_pkg/lib/python3.10/site-packages/strategy_pkg
copying /root/soccer_ws/build/strategy_pkg/build/lib/strategy_pkg/strategist.py -> /root/soccer_ws/install/strategy_pkg/lib/python3.10/site-packages/strategy_pkg
byte-compiling /root/soccer_ws/install/strategy_pkg/lib/python3.10/site-packages/strategy_pkg/__init__.py to __init__.cpython-310.pyc
byte-compiling /root/soccer_ws/install/strategy_pkg/lib/python3.10/site-packages/strategy_pkg/strategist.py to strategist.cpython-310.pyc
running install_data
copying resource/strategy_pkg -> /root/soccer_ws/install/strategy_pkg/share/ament_index/resource_index/packages
copying package.xml -> /root/soccer_ws/install/strategy_pkg/share/strategy_pkg
running install_egg_info
Copying ../../build/strategy_pkg/strategy_pkg.egg-info to /root/soccer_ws/install/strategy_pkg/lib/python3.10/site-packages/strategy_pkg-0.0.0-py3.10.egg-info
running install_scripts
Installing camera_bridge_node script to /root/soccer_ws/install/strategy_pkg/lib/strategy_pkg
Installing strategist script to /root/soccer_ws/install/strategy_pkg/lib/strategy_pkg
Installing teensy1_bridge_node script to /root/soccer_ws/install/strategy_pkg/lib/strategy_pkg
writing list of installed files to '/root/soccer_ws/build/strategy_pkg/install.log'
