[0.209s] DEBUG:colcon:Command line arguments: ['/usr/bin/colcon', 'build']
[0.209s] DEBUG:colcon:Parsed command line arguments: Namespace(log_base=None, log_level=None, verb_name='build', build_base='build', install_base='install', merge_install=False, symlink_install=False, test_result_base=None, continue_on_error=False, executor='parallel', parallel_workers=4, event_handlers=None, ignore_user_meta=False, metas=['./colcon.meta'], base_paths=['.'], packages_ignore=None, packages_ignore_regex=None, paths=None, packages_up_to=None, packages_up_to_regex=None, packages_above=None, packages_above_and_dependencies=None, packages_above_depth=None, packages_select_by_dep=None, packages_skip_by_dep=None, packages_skip_up_to=None, packages_select_build_failed=False, packages_skip_build_finished=False, packages_select_test_failures=False, packages_skip_test_passed=False, packages_select=None, packages_skip=None, packages_select_regex=None, packages_skip_regex=None, packages_start=None, packages_end=None, cmake_args=None, cmake_target=None, cmake_target_skip_unavailable=False, cmake_clean_cache=False, cmake_clean_first=False, cmake_force_configure=False, ament_cmake_args=None, catkin_cmake_args=None, catkin_skip_building_tests=False, mixin_files=None, mixin=None, verb_parser=<colcon_mixin.mixin.mixin_argument.MixinArgumentDecorator object at 0x7ffec676f7f0>, verb_extension=<colcon_core.verb.build.BuildVerb object at 0x7ffec676f280>, main=<bound method BuildVerb.main of <colcon_core.verb.build.BuildVerb object at 0x7ffec676f280>>, mixin_verb=('build',))
[0.381s] Level 1:colcon.colcon_core.package_discovery:discover_packages(colcon_meta) check parameters
[0.382s] INFO:colcon.colcon_metadata.package_discovery.colcon_meta:Using configuration from '/root/.colcon/metadata/default/Gazebo.meta'
[0.383s] INFO:colcon.colcon_metadata.package_discovery.colcon_meta:Using configuration from '/root/.colcon/metadata/default/fastdds.meta'
[0.383s] INFO:colcon.colcon_metadata.package_discovery.colcon_meta:Using configuration from '/root/.colcon/metadata/default/fastrtps.meta'
[0.383s] Level 1:colcon.colcon_core.package_discovery:discover_packages(recursive) check parameters
[0.383s] Level 1:colcon.colcon_core.package_discovery:discover_packages(ignore) check parameters
[0.383s] Level 1:colcon.colcon_core.package_discovery:discover_packages(path) check parameters
[0.383s] Level 1:colcon.colcon_core.package_discovery:discover_packages(colcon_meta) discover
[0.384s] Level 1:colcon.colcon_core.package_discovery:discover_packages(recursive) discover
[0.384s] INFO:colcon.colcon_core.package_discovery:Crawling recursively for packages in '/root/soccer_ws'
[0.384s] Level 1:colcon.colcon_core.package_identification:_identify(.) by extensions ['ignore', 'ignore_ament_install']
[0.384s] Level 1:colcon.colcon_core.package_identification:_identify(.) by extension 'ignore'
[0.384s] Level 1:colcon.colcon_core.package_identification:_identify(.) by extension 'ignore_ament_install'
[0.384s] Level 1:colcon.colcon_core.package_identification:_identify(.) by extensions ['colcon_pkg']
[0.384s] Level 1:colcon.colcon_core.package_identification:_identify(.) by extension 'colcon_pkg'
[0.384s] Level 1:colcon.colcon_core.package_identification:_identify(.) by extensions ['colcon_meta']
[0.384s] Level 1:colcon.colcon_core.package_identification:_identify(.) by extension 'colcon_meta'
[0.384s] Level 1:colcon.colcon_core.package_identification:_identify(.) by extensions ['ros']
[0.384s] Level 1:colcon.colcon_core.package_identification:_identify(.) by extension 'ros'
[0.406s] Level 1:colcon.colcon_core.package_identification:_identify(.) by extensions ['cmake', 'python']
[0.406s] Level 1:colcon.colcon_core.package_identification:_identify(.) by extension 'cmake'
[0.406s] Level 1:colcon.colcon_core.package_identification:_identify(.) by extension 'python'
[0.406s] Level 1:colcon.colcon_core.package_identification:_identify(.) by extensions ['python_setup_py']
[0.406s] Level 1:colcon.colcon_core.package_identification:_identify(.) by extension 'python_setup_py'
[0.406s] Level 1:colcon.colcon_core.package_identification:_identify(build) by extensions ['ignore', 'ignore_ament_install']
[0.407s] Level 1:colcon.colcon_core.package_identification:_identify(build) by extension 'ignore'
[0.407s] Level 1:colcon.colcon_core.package_identification:_identify(build) ignored
[0.407s] Level 1:colcon.colcon_core.package_identification:_identify(install) by extensions ['ignore', 'ignore_ament_install']
[0.407s] Level 1:colcon.colcon_core.package_identification:_identify(install) by extension 'ignore'
[0.407s] Level 1:colcon.colcon_core.package_identification:_identify(install) ignored
[0.407s] Level 1:colcon.colcon_core.package_identification:_identify(log) by extensions ['ignore', 'ignore_ament_install']
[0.407s] Level 1:colcon.colcon_core.package_identification:_identify(log) by extension 'ignore'
[0.407s] Level 1:colcon.colcon_core.package_identification:_identify(log) ignored
[0.407s] Level 1:colcon.colcon_core.package_identification:_identify(src) by extensions ['ignore', 'ignore_ament_install']
[0.407s] Level 1:colcon.colcon_core.package_identification:_identify(src) by extension 'ignore'
[0.407s] Level 1:colcon.colcon_core.package_identification:_identify(src) by extension 'ignore_ament_install'
[0.407s] Level 1:colcon.colcon_core.package_identification:_identify(src) by extensions ['colcon_pkg']
[0.407s] Level 1:colcon.colcon_core.package_identification:_identify(src) by extension 'colcon_pkg'
[0.407s] Level 1:colcon.colcon_core.package_identification:_identify(src) by extensions ['colcon_meta']
[0.407s] Level 1:colcon.colcon_core.package_identification:_identify(src) by extension 'colcon_meta'
[0.408s] Level 1:colcon.colcon_core.package_identification:_identify(src) by extensions ['ros']
[0.408s] Level 1:colcon.colcon_core.package_identification:_identify(src) by extension 'ros'
[0.408s] Level 1:colcon.colcon_core.package_identification:_identify(src) by extensions ['cmake', 'python']
[0.408s] Level 1:colcon.colcon_core.package_identification:_identify(src) by extension 'cmake'
[0.408s] Level 1:colcon.colcon_core.package_identification:_identify(src) by extension 'python'
[0.408s] Level 1:colcon.colcon_core.package_identification:_identify(src) by extensions ['python_setup_py']
[0.408s] Level 1:colcon.colcon_core.package_identification:_identify(src) by extension 'python_setup_py'
[0.408s] Level 1:colcon.colcon_core.package_identification:_identify(src/strategy_pkg) by extensions ['ignore', 'ignore_ament_install']
[0.408s] Level 1:colcon.colcon_core.package_identification:_identify(src/strategy_pkg) by extension 'ignore'
[0.408s] Level 1:colcon.colcon_core.package_identification:_identify(src/strategy_pkg) by extension 'ignore_ament_install'
[0.408s] Level 1:colcon.colcon_core.package_identification:_identify(src/strategy_pkg) by extensions ['colcon_pkg']
[0.408s] Level 1:colcon.colcon_core.package_identification:_identify(src/strategy_pkg) by extension 'colcon_pkg'
[0.408s] Level 1:colcon.colcon_core.package_identification:_identify(src/strategy_pkg) by extensions ['colcon_meta']
[0.408s] Level 1:colcon.colcon_core.package_identification:_identify(src/strategy_pkg) by extension 'colcon_meta'
[0.408s] Level 1:colcon.colcon_core.package_identification:_identify(src/strategy_pkg) by extensions ['ros']
[0.408s] Level 1:colcon.colcon_core.package_identification:_identify(src/strategy_pkg) by extension 'ros'
[0.412s] DEBUG:colcon.colcon_core.package_identification:Package 'src/strategy_pkg' with type 'ros.ament_python' and name 'strategy_pkg'
[0.412s] Level 1:colcon.colcon_core.package_identification:_identify(src/teensy1_pkg) by extensions ['ignore', 'ignore_ament_install']
[0.412s] Level 1:colcon.colcon_core.package_identification:_identify(src/teensy1_pkg) by extension 'ignore'
[0.412s] Level 1:colcon.colcon_core.package_identification:_identify(src/teensy1_pkg) by extension 'ignore_ament_install'
[0.413s] Level 1:colcon.colcon_core.package_identification:_identify(src/teensy1_pkg) by extensions ['colcon_pkg']
[0.413s] Level 1:colcon.colcon_core.package_identification:_identify(src/teensy1_pkg) by extension 'colcon_pkg'
[0.413s] Level 1:colcon.colcon_core.package_identification:_identify(src/teensy1_pkg) by extensions ['colcon_meta']
[0.413s] Level 1:colcon.colcon_core.package_identification:_identify(src/teensy1_pkg) by extension 'colcon_meta'
[0.413s] Level 1:colcon.colcon_core.package_identification:_identify(src/teensy1_pkg) by extensions ['ros']
[0.413s] Level 1:colcon.colcon_core.package_identification:_identify(src/teensy1_pkg) by extension 'ros'
[0.414s] DEBUG:colcon.colcon_core.package_identification:Package 'src/teensy1_pkg' with type 'ros.ament_python' and name 'teensy1_pkg'
[0.414s] Level 1:colcon.colcon_core.package_identification:_identify(src/teensy2_pkg) by extensions ['ignore', 'ignore_ament_install']
[0.414s] Level 1:colcon.colcon_core.package_identification:_identify(src/teensy2_pkg) by extension 'ignore'
[0.414s] Level 1:colcon.colcon_core.package_identification:_identify(src/teensy2_pkg) by extension 'ignore_ament_install'
[0.414s] Level 1:colcon.colcon_core.package_identification:_identify(src/teensy2_pkg) by extensions ['colcon_pkg']
[0.414s] Level 1:colcon.colcon_core.package_identification:_identify(src/teensy2_pkg) by extension 'colcon_pkg'
[0.414s] Level 1:colcon.colcon_core.package_identification:_identify(src/teensy2_pkg) by extensions ['colcon_meta']
[0.414s] Level 1:colcon.colcon_core.package_identification:_identify(src/teensy2_pkg) by extension 'colcon_meta'
[0.414s] Level 1:colcon.colcon_core.package_identification:_identify(src/teensy2_pkg) by extensions ['ros']
[0.414s] Level 1:colcon.colcon_core.package_identification:_identify(src/teensy2_pkg) by extension 'ros'
[0.415s] DEBUG:colcon.colcon_core.package_identification:Package 'src/teensy2_pkg' with type 'ros.ament_python' and name 'teensy2_pkg'
[0.415s] Level 1:colcon.colcon_core.package_identification:_identify(src/vision_pkg) by extensions ['ignore', 'ignore_ament_install']
[0.415s] Level 1:colcon.colcon_core.package_identification:_identify(src/vision_pkg) by extension 'ignore'
[0.415s] Level 1:colcon.colcon_core.package_identification:_identify(src/vision_pkg) by extension 'ignore_ament_install'
[0.415s] Level 1:colcon.colcon_core.package_identification:_identify(src/vision_pkg) by extensions ['colcon_pkg']
[0.416s] Level 1:colcon.colcon_core.package_identification:_identify(src/vision_pkg) by extension 'colcon_pkg'
[0.416s] Level 1:colcon.colcon_core.package_identification:_identify(src/vision_pkg) by extensions ['colcon_meta']
[0.416s] Level 1:colcon.colcon_core.package_identification:_identify(src/vision_pkg) by extension 'colcon_meta'
[0.416s] Level 1:colcon.colcon_core.package_identification:_identify(src/vision_pkg) by extensions ['ros']
[0.416s] Level 1:colcon.colcon_core.package_identification:_identify(src/vision_pkg) by extension 'ros'
[0.416s] DEBUG:colcon.colcon_core.package_identification:Package 'src/vision_pkg' with type 'ros.ament_python' and name 'vision_pkg'
[0.416s] Level 1:colcon.colcon_core.package_discovery:discover_packages(recursive) using defaults
[0.417s] Level 1:colcon.colcon_core.package_discovery:discover_packages(ignore) discover
[0.417s] Level 1:colcon.colcon_core.package_discovery:discover_packages(ignore) using defaults
[0.417s] Level 1:colcon.colcon_core.package_discovery:discover_packages(path) discover
[0.417s] Level 1:colcon.colcon_core.package_discovery:discover_packages(path) using defaults
[0.451s] Level 5:colcon.colcon_core.verb:set package 'strategy_pkg' build argument 'cmake_args' from command line to 'None'
[0.451s] Level 5:colcon.colcon_core.verb:set package 'strategy_pkg' build argument 'cmake_target' from command line to 'None'
[0.452s] Level 5:colcon.colcon_core.verb:set package 'strategy_pkg' build argument 'cmake_target_skip_unavailable' from command line to 'False'
[0.452s] Level 5:colcon.colcon_core.verb:set package 'strategy_pkg' build argument 'cmake_clean_cache' from command line to 'False'
[0.452s] Level 5:colcon.colcon_core.verb:set package 'strategy_pkg' build argument 'cmake_clean_first' from command line to 'False'
[0.452s] Level 5:colcon.colcon_core.verb:set package 'strategy_pkg' build argument 'cmake_force_configure' from command line to 'False'
[0.452s] Level 5:colcon.colcon_core.verb:set package 'strategy_pkg' build argument 'ament_cmake_args' from command line to 'None'
[0.452s] Level 5:colcon.colcon_core.verb:set package 'strategy_pkg' build argument 'catkin_cmake_args' from command line to 'None'
[0.452s] Level 5:colcon.colcon_core.verb:set package 'strategy_pkg' build argument 'catkin_skip_building_tests' from command line to 'False'
[0.452s] DEBUG:colcon.colcon_core.verb:Building package 'strategy_pkg' with the following arguments: {'ament_cmake_args': None, 'build_base': '/root/soccer_ws/build/strategy_pkg', 'catkin_cmake_args': None, 'catkin_skip_building_tests': False, 'cmake_args': None, 'cmake_clean_cache': False, 'cmake_clean_first': False, 'cmake_force_configure': False, 'cmake_target': None, 'cmake_target_skip_unavailable': False, 'install_base': '/root/soccer_ws/install/strategy_pkg', 'merge_install': False, 'path': '/root/soccer_ws/src/strategy_pkg', 'symlink_install': False, 'test_result_base': None}
[0.452s] Level 5:colcon.colcon_core.verb:set package 'teensy1_pkg' build argument 'cmake_args' from command line to 'None'
[0.452s] Level 5:colcon.colcon_core.verb:set package 'teensy1_pkg' build argument 'cmake_target' from command line to 'None'
[0.452s] Level 5:colcon.colcon_core.verb:set package 'teensy1_pkg' build argument 'cmake_target_skip_unavailable' from command line to 'False'
[0.452s] Level 5:colcon.colcon_core.verb:set package 'teensy1_pkg' build argument 'cmake_clean_cache' from command line to 'False'
[0.452s] Level 5:colcon.colcon_core.verb:set package 'teensy1_pkg' build argument 'cmake_clean_first' from command line to 'False'
[0.452s] Level 5:colcon.colcon_core.verb:set package 'teensy1_pkg' build argument 'cmake_force_configure' from command line to 'False'
[0.452s] Level 5:colcon.colcon_core.verb:set package 'teensy1_pkg' build argument 'ament_cmake_args' from command line to 'None'
[0.452s] Level 5:colcon.colcon_core.verb:set package 'teensy1_pkg' build argument 'catkin_cmake_args' from command line to 'None'
[0.452s] Level 5:colcon.colcon_core.verb:set package 'teensy1_pkg' build argument 'catkin_skip_building_tests' from command line to 'False'
[0.452s] DEBUG:colcon.colcon_core.verb:Building package 'teensy1_pkg' with the following arguments: {'ament_cmake_args': None, 'build_base': '/root/soccer_ws/build/teensy1_pkg', 'catkin_cmake_args': None, 'catkin_skip_building_tests': False, 'cmake_args': None, 'cmake_clean_cache': False, 'cmake_clean_first': False, 'cmake_force_configure': False, 'cmake_target': None, 'cmake_target_skip_unavailable': False, 'install_base': '/root/soccer_ws/install/teensy1_pkg', 'merge_install': False, 'path': '/root/soccer_ws/src/teensy1_pkg', 'symlink_install': False, 'test_result_base': None}
[0.453s] Level 5:colcon.colcon_core.verb:set package 'teensy2_pkg' build argument 'cmake_args' from command line to 'None'
[0.453s] Level 5:colcon.colcon_core.verb:set package 'teensy2_pkg' build argument 'cmake_target' from command line to 'None'
[0.453s] Level 5:colcon.colcon_core.verb:set package 'teensy2_pkg' build argument 'cmake_target_skip_unavailable' from command line to 'False'
[0.453s] Level 5:colcon.colcon_core.verb:set package 'teensy2_pkg' build argument 'cmake_clean_cache' from command line to 'False'
[0.453s] Level 5:colcon.colcon_core.verb:set package 'teensy2_pkg' build argument 'cmake_clean_first' from command line to 'False'
[0.453s] Level 5:colcon.colcon_core.verb:set package 'teensy2_pkg' build argument 'cmake_force_configure' from command line to 'False'
[0.453s] Level 5:colcon.colcon_core.verb:set package 'teensy2_pkg' build argument 'ament_cmake_args' from command line to 'None'
[0.453s] Level 5:colcon.colcon_core.verb:set package 'teensy2_pkg' build argument 'catkin_cmake_args' from command line to 'None'
[0.453s] Level 5:colcon.colcon_core.verb:set package 'teensy2_pkg' build argument 'catkin_skip_building_tests' from command line to 'False'
[0.453s] DEBUG:colcon.colcon_core.verb:Building package 'teensy2_pkg' with the following arguments: {'ament_cmake_args': None, 'build_base': '/root/soccer_ws/build/teensy2_pkg', 'catkin_cmake_args': None, 'catkin_skip_building_tests': False, 'cmake_args': None, 'cmake_clean_cache': False, 'cmake_clean_first': False, 'cmake_force_configure': False, 'cmake_target': None, 'cmake_target_skip_unavailable': False, 'install_base': '/root/soccer_ws/install/teensy2_pkg', 'merge_install': False, 'path': '/root/soccer_ws/src/teensy2_pkg', 'symlink_install': False, 'test_result_base': None}
[0.453s] Level 5:colcon.colcon_core.verb:set package 'vision_pkg' build argument 'cmake_args' from command line to 'None'
[0.453s] Level 5:colcon.colcon_core.verb:set package 'vision_pkg' build argument 'cmake_target' from command line to 'None'
[0.453s] Level 5:colcon.colcon_core.verb:set package 'vision_pkg' build argument 'cmake_target_skip_unavailable' from command line to 'False'
[0.453s] Level 5:colcon.colcon_core.verb:set package 'vision_pkg' build argument 'cmake_clean_cache' from command line to 'False'
[0.453s] Level 5:colcon.colcon_core.verb:set package 'vision_pkg' build argument 'cmake_clean_first' from command line to 'False'
[0.453s] Level 5:colcon.colcon_core.verb:set package 'vision_pkg' build argument 'cmake_force_configure' from command line to 'False'
[0.453s] Level 5:colcon.colcon_core.verb:set package 'vision_pkg' build argument 'ament_cmake_args' from command line to 'None'
[0.453s] Level 5:colcon.colcon_core.verb:set package 'vision_pkg' build argument 'catkin_cmake_args' from command line to 'None'
[0.453s] Level 5:colcon.colcon_core.verb:set package 'vision_pkg' build argument 'catkin_skip_building_tests' from command line to 'False'
[0.454s] DEBUG:colcon.colcon_core.verb:Building package 'vision_pkg' with the following arguments: {'ament_cmake_args': None, 'build_base': '/root/soccer_ws/build/vision_pkg', 'catkin_cmake_args': None, 'catkin_skip_building_tests': False, 'cmake_args': None, 'cmake_clean_cache': False, 'cmake_clean_first': False, 'cmake_force_configure': False, 'cmake_target': None, 'cmake_target_skip_unavailable': False, 'install_base': '/root/soccer_ws/install/vision_pkg', 'merge_install': False, 'path': '/root/soccer_ws/src/vision_pkg', 'symlink_install': False, 'test_result_base': None}
[0.454s] INFO:colcon.colcon_core.executor:Executing jobs using 'parallel' executor
[0.455s] DEBUG:colcon.colcon_parallel_executor.executor.parallel:run_until_complete
[0.455s] INFO:colcon.colcon_ros.task.ament_python.build:Building ROS package in '/root/soccer_ws/src/strategy_pkg' with build type 'ament_python'
[0.456s] Level 1:colcon.colcon_core.shell:create_environment_hook('strategy_pkg', 'ament_prefix_path')
[0.460s] INFO:colcon.colcon_core.plugin_system:Skipping extension 'colcon_core.shell.bat': Not used on non-Windows systems
[0.460s] INFO:colcon.colcon_core.shell:Creating environment hook '/root/soccer_ws/install/strategy_pkg/share/strategy_pkg/hook/ament_prefix_path.ps1'
[0.461s] INFO:colcon.colcon_core.shell:Creating environment descriptor '/root/soccer_ws/install/strategy_pkg/share/strategy_pkg/hook/ament_prefix_path.dsv'
[0.462s] INFO:colcon.colcon_core.shell:Creating environment hook '/root/soccer_ws/install/strategy_pkg/share/strategy_pkg/hook/ament_prefix_path.sh'
[0.463s] INFO:colcon.colcon_core.shell:Skip shell extension 'powershell' for command environment: Not usable outside of PowerShell
[0.463s] DEBUG:colcon.colcon_core.shell:Skip shell extension 'dsv' for command environment
[0.469s] INFO:colcon.colcon_ros.task.ament_python.build:Building ROS package in '/root/soccer_ws/src/teensy1_pkg' with build type 'ament_python'
[0.470s] Level 1:colcon.colcon_core.shell:create_environment_hook('teensy1_pkg', 'ament_prefix_path')
[0.470s] INFO:colcon.colcon_core.shell:Creating environment hook '/root/soccer_ws/install/teensy1_pkg/share/teensy1_pkg/hook/ament_prefix_path.ps1'
[0.471s] INFO:colcon.colcon_core.shell:Creating environment descriptor '/root/soccer_ws/install/teensy1_pkg/share/teensy1_pkg/hook/ament_prefix_path.dsv'
[0.472s] INFO:colcon.colcon_core.shell:Creating environment hook '/root/soccer_ws/install/teensy1_pkg/share/teensy1_pkg/hook/ament_prefix_path.sh'
[0.472s] INFO:colcon.colcon_core.shell:Skip shell extension 'powershell' for command environment: Not usable outside of PowerShell
[0.472s] DEBUG:colcon.colcon_core.shell:Skip shell extension 'dsv' for command environment
[0.476s] INFO:colcon.colcon_ros.task.ament_python.build:Building ROS package in '/root/soccer_ws/src/teensy2_pkg' with build type 'ament_python'
[0.476s] Level 1:colcon.colcon_core.shell:create_environment_hook('teensy2_pkg', 'ament_prefix_path')
[0.477s] INFO:colcon.colcon_core.shell:Creating environment hook '/root/soccer_ws/install/teensy2_pkg/share/teensy2_pkg/hook/ament_prefix_path.ps1'
[0.478s] INFO:colcon.colcon_core.shell:Creating environment descriptor '/root/soccer_ws/install/teensy2_pkg/share/teensy2_pkg/hook/ament_prefix_path.dsv'
[0.480s] INFO:colcon.colcon_core.shell:Creating environment hook '/root/soccer_ws/install/teensy2_pkg/share/teensy2_pkg/hook/ament_prefix_path.sh'
[0.481s] INFO:colcon.colcon_core.shell:Skip shell extension 'powershell' for command environment: Not usable outside of PowerShell
[0.481s] DEBUG:colcon.colcon_core.shell:Skip shell extension 'dsv' for command environment
[0.485s] INFO:colcon.colcon_ros.task.ament_python.build:Building ROS package in '/root/soccer_ws/src/vision_pkg' with build type 'ament_python'
[0.485s] Level 1:colcon.colcon_core.shell:create_environment_hook('vision_pkg', 'ament_prefix_path')
[0.486s] INFO:colcon.colcon_core.shell:Creating environment hook '/root/soccer_ws/install/vision_pkg/share/vision_pkg/hook/ament_prefix_path.ps1'
[0.487s] INFO:colcon.colcon_core.shell:Creating environment descriptor '/root/soccer_ws/install/vision_pkg/share/vision_pkg/hook/ament_prefix_path.dsv'
[0.488s] INFO:colcon.colcon_core.shell:Creating environment hook '/root/soccer_ws/install/vision_pkg/share/vision_pkg/hook/ament_prefix_path.sh'
[0.488s] INFO:colcon.colcon_core.shell:Skip shell extension 'powershell' for command environment: Not usable outside of PowerShell
[0.489s] DEBUG:colcon.colcon_core.shell:Skip shell extension 'dsv' for command environment
[0.753s] INFO:colcon.colcon_core.task.python.build:Building Python package in '/root/soccer_ws/src/strategy_pkg'
[0.753s] INFO:colcon.colcon_core.shell:Skip shell extension 'powershell' for command environment: Not usable outside of PowerShell
[0.753s] DEBUG:colcon.colcon_core.shell:Skip shell extension 'dsv' for command environment
[1.050s] INFO:colcon.colcon_core.task.python.build:Building Python package in '/root/soccer_ws/src/teensy1_pkg'
[1.050s] INFO:colcon.colcon_core.shell:Skip shell extension 'powershell' for command environment: Not usable outside of PowerShell
[1.050s] DEBUG:colcon.colcon_core.shell:Skip shell extension 'dsv' for command environment
[1.310s] INFO:colcon.colcon_core.task.python.build:Building Python package in '/root/soccer_ws/src/teensy2_pkg'
[1.311s] INFO:colcon.colcon_core.shell:Skip shell extension 'powershell' for command environment: Not usable outside of PowerShell
[1.311s] DEBUG:colcon.colcon_core.shell:Skip shell extension 'dsv' for command environment
[1.578s] INFO:colcon.colcon_core.task.python.build:Building Python package in '/root/soccer_ws/src/vision_pkg'
[1.579s] INFO:colcon.colcon_core.shell:Skip shell extension 'powershell' for command environment: Not usable outside of PowerShell
[1.579s] DEBUG:colcon.colcon_core.shell:Skip shell extension 'dsv' for command environment
[2.177s] DEBUG:colcon.colcon_core.event_handler.log_command:Invoking command in '/root/soccer_ws/build/strategy_pkg': PYTHONPATH=/root/soccer_ws/build/strategy_pkg/prefix_override:/usr/lib/python3/dist-packages/colcon_core/task/python/colcon_distutils_commands:/root/soccer_ws/install/strategy_pkg/lib/python3.10/site-packages:${PYTHONPATH} /usr/bin/python3 -W ignore:setup.py install is deprecated -W ignore:easy_install command is deprecated setup.py develop --uninstall --editable --build-directory /root/soccer_ws/build/strategy_pkg/build
[2.217s] DEBUG:colcon.colcon_core.event_handler.log_command:Invoking command in '/root/soccer_ws/build/vision_pkg': PYTHONPATH=/root/soccer_ws/build/vision_pkg/prefix_override:/usr/lib/python3/dist-packages/colcon_core/task/python/colcon_distutils_commands:/root/soccer_ws/install/vision_pkg/lib/python3.10/site-packages:${PYTHONPATH} /usr/bin/python3 -W ignore:setup.py install is deprecated -W ignore:easy_install command is deprecated setup.py develop --uninstall --editable --build-directory /root/soccer_ws/build/vision_pkg/build
[2.222s] DEBUG:colcon.colcon_core.event_handler.log_command:Invoking command in '/root/soccer_ws/build/teensy1_pkg': PYTHONPATH=/root/soccer_ws/build/teensy1_pkg/prefix_override:/usr/lib/python3/dist-packages/colcon_core/task/python/colcon_distutils_commands:/root/soccer_ws/install/teensy1_pkg/lib/python3.10/site-packages:${PYTHONPATH} /usr/bin/python3 -W ignore:setup.py install is deprecated -W ignore:easy_install command is deprecated setup.py develop --uninstall --editable --build-directory /root/soccer_ws/build/teensy1_pkg/build
[2.230s] DEBUG:colcon.colcon_core.event_handler.log_command:Invoking command in '/root/soccer_ws/build/teensy2_pkg': PYTHONPATH=/root/soccer_ws/build/teensy2_pkg/prefix_override:/usr/lib/python3/dist-packages/colcon_core/task/python/colcon_distutils_commands:/root/soccer_ws/install/teensy2_pkg/lib/python3.10/site-packages:${PYTHONPATH} /usr/bin/python3 -W ignore:setup.py install is deprecated -W ignore:easy_install command is deprecated setup.py develop --uninstall --editable --build-directory /root/soccer_ws/build/teensy2_pkg/build
[2.785s] DEBUG:colcon.colcon_core.event_handler.log_command:Invoked command in '/root/soccer_ws/build/vision_pkg' returned '0': PYTHONPATH=/root/soccer_ws/build/vision_pkg/prefix_override:/usr/lib/python3/dist-packages/colcon_core/task/python/colcon_distutils_commands:/root/soccer_ws/install/vision_pkg/lib/python3.10/site-packages:${PYTHONPATH} /usr/bin/python3 -W ignore:setup.py install is deprecated -W ignore:easy_install command is deprecated setup.py develop --uninstall --editable --build-directory /root/soccer_ws/build/vision_pkg/build
[2.789s] DEBUG:colcon.colcon_core.event_handler.log_command:Invoking command in '/root/soccer_ws/src/vision_pkg': PYTHONPATH=/root/soccer_ws/build/vision_pkg/prefix_override:/usr/lib/python3/dist-packages/colcon_core/task/python/colcon_distutils_commands:/root/soccer_ws/install/vision_pkg/lib/python3.10/site-packages:${PYTHONPATH} /usr/bin/python3 -W ignore:setup.py install is deprecated -W ignore:easy_install command is deprecated setup.py egg_info --egg-base ../../build/vision_pkg build --build-base /root/soccer_ws/build/vision_pkg/build install --record /root/soccer_ws/build/vision_pkg/install.log --single-version-externally-managed install_data --force
[2.791s] DEBUG:colcon.colcon_core.event_handler.log_command:Invoked command in '/root/soccer_ws/build/strategy_pkg' returned '0': PYTHONPATH=/root/soccer_ws/build/strategy_pkg/prefix_override:/usr/lib/python3/dist-packages/colcon_core/task/python/colcon_distutils_commands:/root/soccer_ws/install/strategy_pkg/lib/python3.10/site-packages:${PYTHONPATH} /usr/bin/python3 -W ignore:setup.py install is deprecated -W ignore:easy_install command is deprecated setup.py develop --uninstall --editable --build-directory /root/soccer_ws/build/strategy_pkg/build
[2.793s] DEBUG:colcon.colcon_core.event_handler.log_command:Invoking command in '/root/soccer_ws/src/strategy_pkg': PYTHONPATH=/root/soccer_ws/build/strategy_pkg/prefix_override:/usr/lib/python3/dist-packages/colcon_core/task/python/colcon_distutils_commands:/root/soccer_ws/install/strategy_pkg/lib/python3.10/site-packages:${PYTHONPATH} /usr/bin/python3 -W ignore:setup.py install is deprecated -W ignore:easy_install command is deprecated setup.py egg_info --egg-base ../../build/strategy_pkg build --build-base /root/soccer_ws/build/strategy_pkg/build install --record /root/soccer_ws/build/strategy_pkg/install.log --single-version-externally-managed install_data --force
[2.802s] DEBUG:colcon.colcon_core.event_handler.log_command:Invoked command in '/root/soccer_ws/build/teensy2_pkg' returned '0': PYTHONPATH=/root/soccer_ws/build/teensy2_pkg/prefix_override:/usr/lib/python3/dist-packages/colcon_core/task/python/colcon_distutils_commands:/root/soccer_ws/install/teensy2_pkg/lib/python3.10/site-packages:${PYTHONPATH} /usr/bin/python3 -W ignore:setup.py install is deprecated -W ignore:easy_install command is deprecated setup.py develop --uninstall --editable --build-directory /root/soccer_ws/build/teensy2_pkg/build
[2.806s] DEBUG:colcon.colcon_core.event_handler.log_command:Invoking command in '/root/soccer_ws/src/teensy2_pkg': PYTHONPATH=/root/soccer_ws/build/teensy2_pkg/prefix_override:/usr/lib/python3/dist-packages/colcon_core/task/python/colcon_distutils_commands:/root/soccer_ws/install/teensy2_pkg/lib/python3.10/site-packages:${PYTHONPATH} /usr/bin/python3 -W ignore:setup.py install is deprecated -W ignore:easy_install command is deprecated setup.py egg_info --egg-base ../../build/teensy2_pkg build --build-base /root/soccer_ws/build/teensy2_pkg/build install --record /root/soccer_ws/build/teensy2_pkg/install.log --single-version-externally-managed install_data --force
[2.902s] DEBUG:colcon.colcon_core.event_handler.log_command:Invoked command in '/root/soccer_ws/build/teensy1_pkg' returned '0': PYTHONPATH=/root/soccer_ws/build/teensy1_pkg/prefix_override:/usr/lib/python3/dist-packages/colcon_core/task/python/colcon_distutils_commands:/root/soccer_ws/install/teensy1_pkg/lib/python3.10/site-packages:${PYTHONPATH} /usr/bin/python3 -W ignore:setup.py install is deprecated -W ignore:easy_install command is deprecated setup.py develop --uninstall --editable --build-directory /root/soccer_ws/build/teensy1_pkg/build
[2.904s] DEBUG:colcon.colcon_core.event_handler.log_command:Invoking command in '/root/soccer_ws/src/teensy1_pkg': PYTHONPATH=/root/soccer_ws/build/teensy1_pkg/prefix_override:/usr/lib/python3/dist-packages/colcon_core/task/python/colcon_distutils_commands:/root/soccer_ws/install/teensy1_pkg/lib/python3.10/site-packages:${PYTHONPATH} /usr/bin/python3 -W ignore:setup.py install is deprecated -W ignore:easy_install command is deprecated setup.py egg_info --egg-base ../../build/teensy1_pkg build --build-base /root/soccer_ws/build/teensy1_pkg/build install --record /root/soccer_ws/build/teensy1_pkg/install.log --single-version-externally-managed install_data --force
[3.294s] DEBUG:colcon.colcon_core.event_handler.log_command:Invoked command in '/root/soccer_ws/src/teensy2_pkg' returned '0': PYTHONPATH=/root/soccer_ws/build/teensy2_pkg/prefix_override:/usr/lib/python3/dist-packages/colcon_core/task/python/colcon_distutils_commands:/root/soccer_ws/install/teensy2_pkg/lib/python3.10/site-packages:${PYTHONPATH} /usr/bin/python3 -W ignore:setup.py install is deprecated -W ignore:easy_install command is deprecated setup.py egg_info --egg-base ../../build/teensy2_pkg build --build-base /root/soccer_ws/build/teensy2_pkg/build install --record /root/soccer_ws/build/teensy2_pkg/install.log --single-version-externally-managed install_data --force
[3.308s] Level 1:colcon.colcon_core.environment:checking '/root/soccer_ws/install/teensy2_pkg' for CMake module files
[3.309s] Level 1:colcon.colcon_core.environment:checking '/root/soccer_ws/install/teensy2_pkg' for CMake config files
[3.310s] Level 1:colcon.colcon_core.environment:checking '/root/soccer_ws/install/teensy2_pkg/lib'
[3.311s] Level 1:colcon.colcon_core.environment:checking '/root/soccer_ws/install/teensy2_pkg/bin'
[3.311s] Level 1:colcon.colcon_core.environment:checking '/root/soccer_ws/install/teensy2_pkg/lib/pkgconfig/teensy2_pkg.pc'
[3.311s] Level 1:colcon.colcon_core.environment:checking '/root/soccer_ws/install/teensy2_pkg/lib/python3.10/site-packages'
[3.312s] Level 1:colcon.colcon_core.shell:create_environment_hook('teensy2_pkg', 'pythonpath')
[3.312s] INFO:colcon.colcon_core.shell:Creating environment hook '/root/soccer_ws/install/teensy2_pkg/share/teensy2_pkg/hook/pythonpath.ps1'
[3.314s] INFO:colcon.colcon_core.shell:Creating environment descriptor '/root/soccer_ws/install/teensy2_pkg/share/teensy2_pkg/hook/pythonpath.dsv'
[3.315s] INFO:colcon.colcon_core.shell:Creating environment hook '/root/soccer_ws/install/teensy2_pkg/share/teensy2_pkg/hook/pythonpath.sh'
[3.318s] Level 1:colcon.colcon_core.environment:checking '/root/soccer_ws/install/teensy2_pkg/bin'
[3.318s] Level 1:colcon.colcon_core.environment:create_environment_scripts_only(teensy2_pkg)
[3.319s] INFO:colcon.colcon_core.shell:Creating package script '/root/soccer_ws/install/teensy2_pkg/share/teensy2_pkg/package.ps1'
[3.322s] INFO:colcon.colcon_core.shell:Creating package descriptor '/root/soccer_ws/install/teensy2_pkg/share/teensy2_pkg/package.dsv'
[3.324s] INFO:colcon.colcon_core.shell:Creating package script '/root/soccer_ws/install/teensy2_pkg/share/teensy2_pkg/package.sh'
[3.327s] INFO:colcon.colcon_core.shell:Creating package script '/root/soccer_ws/install/teensy2_pkg/share/teensy2_pkg/package.bash'
[3.330s] INFO:colcon.colcon_core.shell:Creating package script '/root/soccer_ws/install/teensy2_pkg/share/teensy2_pkg/package.zsh'
[3.333s] Level 1:colcon.colcon_core.environment:create_file_with_runtime_dependencies(/root/soccer_ws/install/teensy2_pkg/share/colcon-core/packages/teensy2_pkg)
[3.351s] Level 1:colcon.colcon_core.environment:checking '/root/soccer_ws/install/strategy_pkg' for CMake module files
[3.351s] DEBUG:colcon.colcon_core.event_handler.log_command:Invoked command in '/root/soccer_ws/src/strategy_pkg' returned '0': PYTHONPATH=/root/soccer_ws/build/strategy_pkg/prefix_override:/usr/lib/python3/dist-packages/colcon_core/task/python/colcon_distutils_commands:/root/soccer_ws/install/strategy_pkg/lib/python3.10/site-packages:${PYTHONPATH} /usr/bin/python3 -W ignore:setup.py install is deprecated -W ignore:easy_install command is deprecated setup.py egg_info --egg-base ../../build/strategy_pkg build --build-base /root/soccer_ws/build/strategy_pkg/build install --record /root/soccer_ws/build/strategy_pkg/install.log --single-version-externally-managed install_data --force
[3.352s] Level 1:colcon.colcon_core.environment:checking '/root/soccer_ws/install/strategy_pkg' for CMake config files
[3.353s] Level 1:colcon.colcon_core.environment:checking '/root/soccer_ws/install/strategy_pkg/lib'
[3.353s] Level 1:colcon.colcon_core.environment:checking '/root/soccer_ws/install/strategy_pkg/bin'
[3.353s] Level 1:colcon.colcon_core.environment:checking '/root/soccer_ws/install/strategy_pkg/lib/pkgconfig/strategy_pkg.pc'
[3.353s] Level 1:colcon.colcon_core.environment:checking '/root/soccer_ws/install/strategy_pkg/lib/python3.10/site-packages'
[3.354s] Level 1:colcon.colcon_core.shell:create_environment_hook('strategy_pkg', 'pythonpath')
[3.354s] INFO:colcon.colcon_core.shell:Creating environment hook '/root/soccer_ws/install/strategy_pkg/share/strategy_pkg/hook/pythonpath.ps1'
[3.355s] INFO:colcon.colcon_core.shell:Creating environment descriptor '/root/soccer_ws/install/strategy_pkg/share/strategy_pkg/hook/pythonpath.dsv'
[3.355s] INFO:colcon.colcon_core.shell:Creating environment hook '/root/soccer_ws/install/strategy_pkg/share/strategy_pkg/hook/pythonpath.sh'
[3.356s] Level 1:colcon.colcon_core.environment:checking '/root/soccer_ws/install/strategy_pkg/bin'
[3.357s] Level 1:colcon.colcon_core.environment:create_environment_scripts_only(strategy_pkg)
[3.357s] INFO:colcon.colcon_core.shell:Creating package script '/root/soccer_ws/install/strategy_pkg/share/strategy_pkg/package.ps1'
[3.358s] INFO:colcon.colcon_core.shell:Creating package descriptor '/root/soccer_ws/install/strategy_pkg/share/strategy_pkg/package.dsv'
[3.359s] INFO:colcon.colcon_core.shell:Creating package script '/root/soccer_ws/install/strategy_pkg/share/strategy_pkg/package.sh'
[3.360s] INFO:colcon.colcon_core.shell:Creating package script '/root/soccer_ws/install/strategy_pkg/share/strategy_pkg/package.bash'
[3.361s] INFO:colcon.colcon_core.shell:Creating package script '/root/soccer_ws/install/strategy_pkg/share/strategy_pkg/package.zsh'
[3.361s] Level 1:colcon.colcon_core.environment:create_file_with_runtime_dependencies(/root/soccer_ws/install/strategy_pkg/share/colcon-core/packages/strategy_pkg)
[3.362s] Level 1:colcon.colcon_core.environment:checking '/root/soccer_ws/install/vision_pkg' for CMake module files
[3.364s] DEBUG:colcon.colcon_core.event_handler.log_command:Invoked command in '/root/soccer_ws/src/vision_pkg' returned '0': PYTHONPATH=/root/soccer_ws/build/vision_pkg/prefix_override:/usr/lib/python3/dist-packages/colcon_core/task/python/colcon_distutils_commands:/root/soccer_ws/install/vision_pkg/lib/python3.10/site-packages:${PYTHONPATH} /usr/bin/python3 -W ignore:setup.py install is deprecated -W ignore:easy_install command is deprecated setup.py egg_info --egg-base ../../build/vision_pkg build --build-base /root/soccer_ws/build/vision_pkg/build install --record /root/soccer_ws/build/vision_pkg/install.log --single-version-externally-managed install_data --force
[3.365s] Level 1:colcon.colcon_core.environment:checking '/root/soccer_ws/install/vision_pkg' for CMake config files
[3.365s] Level 1:colcon.colcon_core.environment:checking '/root/soccer_ws/install/vision_pkg/lib'
[3.366s] Level 1:colcon.colcon_core.environment:checking '/root/soccer_ws/install/vision_pkg/bin'
[3.366s] Level 1:colcon.colcon_core.environment:checking '/root/soccer_ws/install/vision_pkg/lib/pkgconfig/vision_pkg.pc'
[3.366s] Level 1:colcon.colcon_core.environment:checking '/root/soccer_ws/install/vision_pkg/lib/python3.10/site-packages'
[3.366s] Level 1:colcon.colcon_core.shell:create_environment_hook('vision_pkg', 'pythonpath')
[3.367s] INFO:colcon.colcon_core.shell:Creating environment hook '/root/soccer_ws/install/vision_pkg/share/vision_pkg/hook/pythonpath.ps1'
[3.367s] INFO:colcon.colcon_core.shell:Creating environment descriptor '/root/soccer_ws/install/vision_pkg/share/vision_pkg/hook/pythonpath.dsv'
[3.368s] INFO:colcon.colcon_core.shell:Creating environment hook '/root/soccer_ws/install/vision_pkg/share/vision_pkg/hook/pythonpath.sh'
[3.369s] Level 1:colcon.colcon_core.environment:checking '/root/soccer_ws/install/vision_pkg/bin'
[3.370s] Level 1:colcon.colcon_core.environment:create_environment_scripts_only(vision_pkg)
[3.370s] INFO:colcon.colcon_core.shell:Creating package script '/root/soccer_ws/install/vision_pkg/share/vision_pkg/package.ps1'
[3.371s] INFO:colcon.colcon_core.shell:Creating package descriptor '/root/soccer_ws/install/vision_pkg/share/vision_pkg/package.dsv'
[3.372s] INFO:colcon.colcon_core.shell:Creating package script '/root/soccer_ws/install/vision_pkg/share/vision_pkg/package.sh'
[3.373s] INFO:colcon.colcon_core.shell:Creating package script '/root/soccer_ws/install/vision_pkg/share/vision_pkg/package.bash'
[3.374s] INFO:colcon.colcon_core.shell:Creating package script '/root/soccer_ws/install/vision_pkg/share/vision_pkg/package.zsh'
[3.375s] Level 1:colcon.colcon_core.environment:create_file_with_runtime_dependencies(/root/soccer_ws/install/vision_pkg/share/colcon-core/packages/vision_pkg)
[3.413s] Level 1:colcon.colcon_core.environment:checking '/root/soccer_ws/install/teensy1_pkg' for CMake module files
[3.413s] DEBUG:colcon.colcon_core.event_handler.log_command:Invoked command in '/root/soccer_ws/src/teensy1_pkg' returned '0': PYTHONPATH=/root/soccer_ws/build/teensy1_pkg/prefix_override:/usr/lib/python3/dist-packages/colcon_core/task/python/colcon_distutils_commands:/root/soccer_ws/install/teensy1_pkg/lib/python3.10/site-packages:${PYTHONPATH} /usr/bin/python3 -W ignore:setup.py install is deprecated -W ignore:easy_install command is deprecated setup.py egg_info --egg-base ../../build/teensy1_pkg build --build-base /root/soccer_ws/build/teensy1_pkg/build install --record /root/soccer_ws/build/teensy1_pkg/install.log --single-version-externally-managed install_data --force
[3.414s] Level 1:colcon.colcon_core.environment:checking '/root/soccer_ws/install/teensy1_pkg' for CMake config files
[3.414s] Level 1:colcon.colcon_core.environment:checking '/root/soccer_ws/install/teensy1_pkg/lib'
[3.414s] Level 1:colcon.colcon_core.environment:checking '/root/soccer_ws/install/teensy1_pkg/bin'
[3.414s] Level 1:colcon.colcon_core.environment:checking '/root/soccer_ws/install/teensy1_pkg/lib/pkgconfig/teensy1_pkg.pc'
[3.415s] Level 1:colcon.colcon_core.environment:checking '/root/soccer_ws/install/teensy1_pkg/lib/python3.10/site-packages'
[3.415s] Level 1:colcon.colcon_core.shell:create_environment_hook('teensy1_pkg', 'pythonpath')
[3.415s] INFO:colcon.colcon_core.shell:Creating environment hook '/root/soccer_ws/install/teensy1_pkg/share/teensy1_pkg/hook/pythonpath.ps1'
[3.416s] INFO:colcon.colcon_core.shell:Creating environment descriptor '/root/soccer_ws/install/teensy1_pkg/share/teensy1_pkg/hook/pythonpath.dsv'
[3.416s] INFO:colcon.colcon_core.shell:Creating environment hook '/root/soccer_ws/install/teensy1_pkg/share/teensy1_pkg/hook/pythonpath.sh'
[3.417s] Level 1:colcon.colcon_core.environment:checking '/root/soccer_ws/install/teensy1_pkg/bin'
[3.417s] Level 1:colcon.colcon_core.environment:create_environment_scripts_only(teensy1_pkg)
[3.418s] INFO:colcon.colcon_core.shell:Creating package script '/root/soccer_ws/install/teensy1_pkg/share/teensy1_pkg/package.ps1'
[3.418s] INFO:colcon.colcon_core.shell:Creating package descriptor '/root/soccer_ws/install/teensy1_pkg/share/teensy1_pkg/package.dsv'
[3.419s] INFO:colcon.colcon_core.shell:Creating package script '/root/soccer_ws/install/teensy1_pkg/share/teensy1_pkg/package.sh'
[3.419s] INFO:colcon.colcon_core.shell:Creating package script '/root/soccer_ws/install/teensy1_pkg/share/teensy1_pkg/package.bash'
[3.420s] INFO:colcon.colcon_core.shell:Creating package script '/root/soccer_ws/install/teensy1_pkg/share/teensy1_pkg/package.zsh'
[3.420s] Level 1:colcon.colcon_core.environment:create_file_with_runtime_dependencies(/root/soccer_ws/install/teensy1_pkg/share/colcon-core/packages/teensy1_pkg)
[3.420s] DEBUG:colcon.colcon_parallel_executor.executor.parallel:closing loop
[3.421s] DEBUG:colcon.colcon_parallel_executor.executor.parallel:loop closed
[3.421s] DEBUG:colcon.colcon_parallel_executor.executor.parallel:run_until_complete finished with '0'
[3.421s] DEBUG:colcon.colcon_core.event_reactor:joining thread
[3.432s] INFO:colcon.colcon_core.plugin_system:Skipping extension 'colcon_notification.desktop_notification.notify_send': Could not find 'notify-send'
[3.432s] INFO:colcon.colcon_core.plugin_system:Skipping extension 'colcon_notification.desktop_notification.terminal_notifier': Not used on non-Darwin systems
[3.432s] INFO:colcon.colcon_core.plugin_system:Skipping extension 'colcon_notification.desktop_notification.win32': Not used on non-Windows systems
[3.432s] INFO:colcon.colcon_notification.desktop_notification:Sending desktop notification using 'notify2'
[3.433s] DEBUG:colcon.colcon_notification.desktop_notification.notify2:Failed to initialize notify2: org.freedesktop.DBus.Error.InvalidFileContent: D-Bus library appears to be incorrectly set up: see the manual page for dbus-uuidgen to correct this issue. (Failed to open "/var/lib/dbus/machine-id": No such file or directory; UUID file '/etc/machine-id' should contain a hex string of length 32, not length 0, with no other text)
[3.433s] DEBUG:colcon.colcon_core.event_reactor:joined thread
[3.434s] INFO:colcon.colcon_core.shell:Creating prefix script '/root/soccer_ws/install/local_setup.ps1'
[3.435s] INFO:colcon.colcon_core.shell:Creating prefix util module '/root/soccer_ws/install/_local_setup_util_ps1.py'
[3.437s] INFO:colcon.colcon_core.shell:Creating prefix chain script '/root/soccer_ws/install/setup.ps1'
[3.439s] INFO:colcon.colcon_core.shell:Creating prefix script '/root/soccer_ws/install/local_setup.sh'
[3.439s] INFO:colcon.colcon_core.shell:Creating prefix util module '/root/soccer_ws/install/_local_setup_util_sh.py'
[3.440s] INFO:colcon.colcon_core.shell:Creating prefix chain script '/root/soccer_ws/install/setup.sh'
[3.442s] INFO:colcon.colcon_core.shell:Creating prefix script '/root/soccer_ws/install/local_setup.bash'
[3.443s] INFO:colcon.colcon_core.shell:Creating prefix chain script '/root/soccer_ws/install/setup.bash'
[3.444s] INFO:colcon.colcon_core.shell:Creating prefix script '/root/soccer_ws/install/local_setup.zsh'
[3.445s] INFO:colcon.colcon_core.shell:Creating prefix chain script '/root/soccer_ws/install/setup.zsh'
