[1.751s] Invoking command in '/root/soccer_ws/build/teensy1_pkg': PYTHONPATH=/root/soccer_ws/build/teensy1_pkg/prefix_override:/usr/lib/python3/dist-packages/colcon_core/task/python/colcon_distutils_commands:/root/soccer_ws/install/teensy1_pkg/lib/python3.10/site-packages:${PYTHONPATH} /usr/bin/python3 -W ignore:setup.py install is deprecated -W ignore:easy_install command is deprecated setup.py develop --uninstall --editable --build-directory /root/soccer_ws/build/teensy1_pkg/build
[2.121s] running develop
[2.342s] Removing /root/soccer_ws/install/teensy1_pkg/lib/python3.10/site-packages/teensy1-pkg.egg-link (link to .)
[2.431s] Invoked command in '/root/soccer_ws/build/teensy1_pkg' returned '0': PYTHONPATH=/root/soccer_ws/build/teensy1_pkg/prefix_override:/usr/lib/python3/dist-packages/colcon_core/task/python/colcon_distutils_commands:/root/soccer_ws/install/teensy1_pkg/lib/python3.10/site-packages:${PYTHONPATH} /usr/bin/python3 -W ignore:setup.py install is deprecated -W ignore:easy_install command is deprecated setup.py develop --uninstall --editable --build-directory /root/soccer_ws/build/teensy1_pkg/build
[2.434s] Invoking command in '/root/soccer_ws/src/teensy1_pkg': PYTHONPATH=/root/soccer_ws/build/teensy1_pkg/prefix_override:/usr/lib/python3/dist-packages/colcon_core/task/python/colcon_distutils_commands:/root/soccer_ws/install/teensy1_pkg/lib/python3.10/site-packages:${PYTHONPATH} /usr/bin/python3 -W ignore:setup.py install is deprecated -W ignore:easy_install command is deprecated setup.py egg_info --egg-base ../../build/teensy1_pkg build --build-base /root/soccer_ws/build/teensy1_pkg/build install --record /root/soccer_ws/build/teensy1_pkg/install.log --single-version-externally-managed install_data --force
[2.791s] running egg_info
[2.795s] writing ../../build/teensy1_pkg/teensy1_pkg.egg-info/PKG-INFO
[2.796s] writing dependency_links to ../../build/teensy1_pkg/teensy1_pkg.egg-info/dependency_links.txt
[2.798s] writing entry points to ../../build/teensy1_pkg/teensy1_pkg.egg-info/entry_points.txt
[2.799s] writing requirements to ../../build/teensy1_pkg/teensy1_pkg.egg-info/requires.txt
[2.800s] writing top-level names to ../../build/teensy1_pkg/teensy1_pkg.egg-info/top_level.txt
[2.808s] reading manifest file '../../build/teensy1_pkg/teensy1_pkg.egg-info/SOURCES.txt'
[2.809s] adding license file 'LICENSE'
[2.811s] writing manifest file '../../build/teensy1_pkg/teensy1_pkg.egg-info/SOURCES.txt'
[2.812s] running build
[2.813s] running build_py
[2.814s] creating /root/soccer_ws/build/teensy1_pkg/build
[2.814s] creating /root/soccer_ws/build/teensy1_pkg/build/lib
[2.818s] creating /root/soccer_ws/build/teensy1_pkg/build/lib/teensy1_pkg
[2.819s] copying teensy1_pkg/__init__.py -> /root/soccer_ws/build/teensy1_pkg/build/lib/teensy1_pkg
[2.819s] copying teensy1_pkg/teensy1_bridge.py -> /root/soccer_ws/build/teensy1_pkg/build/lib/teensy1_pkg
[2.819s] running install
[2.819s] running install_lib
[2.820s] creating /root/soccer_ws/install/teensy1_pkg/lib/python3.10/site-packages/teensy1_pkg
[2.820s] copying /root/soccer_ws/build/teensy1_pkg/build/lib/teensy1_pkg/__init__.py -> /root/soccer_ws/install/teensy1_pkg/lib/python3.10/site-packages/teensy1_pkg
[2.821s] copying /root/soccer_ws/build/teensy1_pkg/build/lib/teensy1_pkg/teensy1_bridge.py -> /root/soccer_ws/install/teensy1_pkg/lib/python3.10/site-packages/teensy1_pkg
[2.824s] byte-compiling /root/soccer_ws/install/teensy1_pkg/lib/python3.10/site-packages/teensy1_pkg/__init__.py to __init__.cpython-310.pyc
[2.825s] byte-compiling /root/soccer_ws/install/teensy1_pkg/lib/python3.10/site-packages/teensy1_pkg/teensy1_bridge.py to teensy1_bridge.cpython-310.pyc
[2.826s] running install_data
[2.827s] copying resource/teensy1_pkg -> /root/soccer_ws/install/teensy1_pkg/share/ament_index/resource_index/packages
[2.827s] copying package.xml -> /root/soccer_ws/install/teensy1_pkg/share/teensy1_pkg
[2.829s] running install_egg_info
[2.836s] Copying ../../build/teensy1_pkg/teensy1_pkg.egg-info to /root/soccer_ws/install/teensy1_pkg/lib/python3.10/site-packages/teensy1_pkg-0.0.0-py3.10.egg-info
[2.842s] running install_scripts
[2.886s] Installing strategist script to /root/soccer_ws/install/teensy1_pkg/lib/teensy1_pkg
[2.887s] Installing teensy1_bridge_node script to /root/soccer_ws/install/teensy1_pkg/lib/teensy1_pkg
[2.887s] writing list of installed files to '/root/soccer_ws/build/teensy1_pkg/install.log'
[2.943s] Invoked command in '/root/soccer_ws/src/teensy1_pkg' returned '0': PYTHONPATH=/root/soccer_ws/build/teensy1_pkg/prefix_override:/usr/lib/python3/dist-packages/colcon_core/task/python/colcon_distutils_commands:/root/soccer_ws/install/teensy1_pkg/lib/python3.10/site-packages:${PYTHONPATH} /usr/bin/python3 -W ignore:setup.py install is deprecated -W ignore:easy_install command is deprecated setup.py egg_info --egg-base ../../build/teensy1_pkg build --build-base /root/soccer_ws/build/teensy1_pkg/build install --record /root/soccer_ws/build/teensy1_pkg/install.log --single-version-externally-managed install_data --force
