running develop
running egg_info
creating teensy1_pkg.egg-info
writing teensy1_pkg.egg-info/PKG-INFO
writing dependency_links to teensy1_pkg.egg-info/dependency_links.txt
writing entry points to teensy1_pkg.egg-info/entry_points.txt
writing requirements to teensy1_pkg.egg-info/requires.txt
writing top-level names to teensy1_pkg.egg-info/top_level.txt
writing manifest file 'teensy1_pkg.egg-info/SOURCES.txt'
reading manifest file 'teensy1_pkg.egg-info/SOURCES.txt'
writing manifest file 'teensy1_pkg.egg-info/SOURCES.txt'
running build_ext
Creating /root/soccer_ws/install/teensy1_pkg/lib/python3.10/site-packages/teensy1-pkg.egg-link (link to .)
Installing strategist script to /root/soccer_ws/install/teensy1_pkg/lib/teensy1_pkg
Installing teensy1_bridge_node script to /root/soccer_ws/install/teensy1_pkg/lib/teensy1_pkg

Installed /root/soccer_ws/build/teensy1_pkg
running symlink_data
creating /root/soccer_ws/install/teensy1_pkg/share/ament_index
creating /root/soccer_ws/install/teensy1_pkg/share/ament_index/resource_index
creating /root/soccer_ws/install/teensy1_pkg/share/ament_index/resource_index/packages
symbolically linking /root/soccer_ws/build/teensy1_pkg/resource/teensy1_pkg -> /root/soccer_ws/install/teensy1_pkg/share/ament_index/resource_index/packages
symbolically linking /root/soccer_ws/build/teensy1_pkg/package.xml -> /root/soccer_ws/install/teensy1_pkg/share/teensy1_pkg
